******************************************************************************
                  MSP430 Linker PC v4.3.3                      
******************************************************************************
>> Linked Thu Jul 02 18:44:55 2015

OUTPUT FILE NAME:   <pruebas.out>
ENTRY POINT SYMBOL: "_c_int00"  address: 0000cd18


MEMORY CONFIGURATION

         name            origin    length      used     unused   attr    fill
----------------------  --------  ---------  --------  --------  ----  --------
  SFR                   00000000   00000010  00000000  00000010  RWIX
  PERIPHERALS_8BIT      00000010   000000f0  00000000  000000f0  RWIX
  PERIPHERALS_16BIT     00000100   00000100  00000000  00000100  RWIX
  RAM                   00000200   00000200  0000006a  00000196  RWIX
  INFOD                 00001000   00000040  00000000  00000040  RWIX
  INFOC                 00001040   00000040  00000000  00000040  RWIX
  INFOB                 00001080   00000040  00000000  00000040  RWIX
  INFOA                 000010c0   00000040  00000000  00000040  RWIX
  FLASH                 0000c000   00003fe0  00000e58  00003188  RWIX
  INT00                 0000ffe0   00000002  00000000  00000002  RWIX
  INT01                 0000ffe2   00000002  00000000  00000002  RWIX
  INT02                 0000ffe4   00000002  00000002  00000000  RWIX
  INT03                 0000ffe6   00000002  00000002  00000000  RWIX
  INT04                 0000ffe8   00000002  00000000  00000002  RWIX
  INT05                 0000ffea   00000002  00000002  00000000  RWIX
  INT06                 0000ffec   00000002  00000002  00000000  RWIX
  INT07                 0000ffee   00000002  00000002  00000000  RWIX
  INT08                 0000fff0   00000002  00000002  00000000  RWIX
  INT09                 0000fff2   00000002  00000002  00000000  RWIX
  INT10                 0000fff4   00000002  00000002  00000000  RWIX
  INT11                 0000fff6   00000002  00000002  00000000  RWIX
  INT12                 0000fff8   00000002  00000002  00000000  RWIX
  INT13                 0000fffa   00000002  00000002  00000000  RWIX
  INT14                 0000fffc   00000002  00000002  00000000  RWIX
  RESET                 0000fffe   00000002  00000002  00000000  RWIX


SECTION ALLOCATION MAP

 output                                  attributes/
section   page    origin      length       input sections
--------  ----  ----------  ----------   ----------------
.init_array 
*          0    0000c000    00000000     UNINITIALIZED

.bss       0    00000200    0000001a     UNINITIALIZED
                  00000200    00000014     (.common:cadena)
                  00000214    00000002     (.common:distancia)
                  00000216    00000002     (.common:i)
                  00000218    00000002     (.common:tiempo)

.TI.noinit 
*          0    00000200    00000000     UNINITIALIZED

.stack     0    000003b0    00000050     UNINITIALIZED
                  000003b0    00000002     rts430_eabi.lib : boot.obj (.stack)
                  000003b2    0000004e     --HOLE--

.text      0    0000c000    00000e24     
                  0000c000    000002f4     rts430_eabi.lib : frcmpyd.obj (.text:__TI_frcmpyd)
                  0000c2f4    0000026e                     : mpyd.obj (.text:__mspabi_mpyd)
                  0000c562    00000116                     : _printfi_min.obj (.text:_setfield)
                  0000c678    000000ca                     : _printfi_min.obj (.text:__TI_printfi_minimal)
                  0000c742    000000a2                     : fltlid.obj (.text:__mspabi_fltlid)
                  0000c7e4    0000008a     main.obj (.text:ultra_sonido)
                  0000c86e    00000072     rts430_eabi.lib : fixdli.obj (.text:__mspabi_fixdli)
                  0000c8e0    0000005e                     : autoinit.obj (.text:_auto_init)
                  0000c93e    0000005c                     : lsr32.obj (.text:l_lsr_const)
                  0000c99a    00000056                     : _printfi_min.obj (.text:_ltostr)
                  0000c9f0    0000004e                     : _printfi_min.obj (.text:_pproc_diouxp)
                  0000ca3e    0000004c                     : lsr16.obj (.text)
                  0000ca8a    00000048                     : _printfi_min.obj (.text:_pproc_str)
                  0000cad2    00000040     main.obj (.text:mostrar_serial_int)
                  0000cb12    0000003e     rts430_eabi.lib : asr32.obj (.text:l_asr_const)
                  0000cb50    0000003e                     : lsl32.obj (.text:l_lsl_const)
                  0000cb8e    00000038                     : sprintf.obj (.text:sprintf)
                  0000cbc6    0000002e                     : _printfi_min.obj (.text:_getarg_diouxp)
                  0000cbf4    0000002c                     : asr16.obj (.text)
                  0000cc20    0000002c                     : lsl16.obj (.text)
                  0000cc4c    00000028                     : fixdi.obj (.text:__mspabi_fixdi)
                  0000cc74    00000026                     : mult32.obj (.text)
                  0000cc9a    00000026     main.obj (.text:serial)
                  0000ccc0    00000020     main.obj (.text:llamado)
                  0000cce0    0000001c     main.obj (.text:main)
                  0000ccfc    0000001c     rts430_eabi.lib : memccpy.obj (.text:memccpy)
                  0000cd18    0000001a                     : boot.obj (.text:_c_int00_noexit)
                  0000cd32    0000001a                     : sprintf.obj (.text:_outs)
                  0000cd4c    00000018                     : _printfi_min.obj (.text:_div)
                  0000cd64    00000016                     : div16u.obj (.text)
                  0000cd7a    00000014                     : copy_zero_init.obj (.text:decompress:ZI:__TI_zero_init)
                  0000cd8e    00000014                     : memset.obj (.text:memset)
                  0000cda2    00000014                     : mult16.obj (.text)
                  0000cdb6    00000012                     : sprintf.obj (.text:_outc)
                  0000cdc8    00000012                     : lsr32.obj (.text:l_lsr)
                  0000cdda    00000012                     : memcpy.obj (.text:memcpy)
                  0000cdec    00000010                     : epilog.obj (.text)
                  0000cdfc    0000000e                     : strlen.obj (.text:strlen)
                  0000ce0a    0000000c                     : fltid.obj (.text:__mspabi_fltid)
                  0000ce16    00000006                     : isr_trap.obj (.text:__TI_ISR_TRAP)
                  0000ce1c    00000004                     : pre_init.obj (.text:_system_pre_init)
                  0000ce20    00000004                     : exit.obj (.text:abort)

.const     0    0000ce24    0000002a     
                  0000ce24    00000016     main.obj (.const:.string)
                  0000ce3a    00000014     rts430_eabi.lib : _printfi_min.obj (.const:.string)

.cinit     0    0000ce4e    0000000a     
                  0000ce4e    00000004     (.cinit..bss.load) [load image, compression = zero_init]
                  0000ce52    00000002     (__TI_handler_table)
                  0000ce54    00000004     (__TI_cinit_table)

PORT1      0    0000ffe4    00000002     
                  0000ffe4    00000002     rts430_eabi.lib : int02.obj (.int02)

PORT2      0    0000ffe6    00000002     
                  0000ffe6    00000002     rts430_eabi.lib : int03.obj (.int03)

ADC10      0    0000ffea    00000002     
                  0000ffea    00000002     rts430_eabi.lib : int05.obj (.int05)

USCIAB0TX 
*          0    0000ffec    00000002     
                  0000ffec    00000002     rts430_eabi.lib : int06.obj (.int06)

USCIAB0RX 
*          0    0000ffee    00000002     
                  0000ffee    00000002     rts430_eabi.lib : int07.obj (.int07)

TIMER0_A1 
*          0    0000fff0    00000002     
                  0000fff0    00000002     rts430_eabi.lib : int08.obj (.int08)

TIMER0_A0 
*          0    0000fff2    00000002     
                  0000fff2    00000002     rts430_eabi.lib : int09.obj (.int09)

WDT        0    0000fff4    00000002     
                  0000fff4    00000002     rts430_eabi.lib : int10.obj (.int10)

COMPARATORA 
*          0    0000fff6    00000002     
                  0000fff6    00000002     rts430_eabi.lib : int11.obj (.int11)

TIMER1_A1 
*          0    0000fff8    00000002     
                  0000fff8    00000002     rts430_eabi.lib : int12.obj (.int12)

TIMER1_A0 
*          0    0000fffa    00000002     
                  0000fffa    00000002     rts430_eabi.lib : int13.obj (.int13)

NMI        0    0000fffc    00000002     
                  0000fffc    00000002     rts430_eabi.lib : int14.obj (.int14)

.reset     0    0000fffe    00000002     
                  0000fffe    00000002     rts430_eabi.lib : boot.obj (.reset)


LINKER GENERATED COPY TABLES

__TI_cinit_table @ 0000ce54 records: 1, size/record: 4, table size: 4
	.bss: load addr=0000ce4e, load size=00000004 bytes, run addr=00000200, run size=0000001a bytes, compression=zero_init


LINKER GENERATED HANDLER TABLE

__TI_handler_table @ 0000ce52 records: 1, size/record: 2, table size: 2
	index: 0, handler: __TI_zero_init


GLOBAL SYMBOLS: SORTED ALPHABETICALLY BY Name 

address    name
--------   ----
0000004a   ADC10AE0
000001b0   ADC10CTL0
000001b2   ADC10CTL1
00000048   ADC10DTC0
00000049   ADC10DTC1
000001b4   ADC10MEM
000001bc   ADC10SA
00000057   BCSCTL1
00000058   BCSCTL2
00000053   BCSCTL3
0000ce20   C$$EXIT
00000059   CACTL1
0000005a   CACTL2
000010fb   CALBC1_12MHZ
000010f9   CALBC1_16MHZ
000010ff   CALBC1_1MHZ
000010fd   CALBC1_8MHZ
000010fa   CALDCO_12MHZ
000010f8   CALDCO_16MHZ
000010fe   CALDCO_1MHZ
000010fc   CALDCO_8MHZ
0000005b   CAPD
00000056   DCOCTL
00000128   FCTL1
0000012a   FCTL2
0000012c   FCTL3
00000000   IE1
00000001   IE2
00000002   IFG1
00000003   IFG2
00000022   P1DIR
00000025   P1IE
00000024   P1IES
00000023   P1IFG
00000020   P1IN
00000021   P1OUT
00000027   P1REN
00000026   P1SEL
00000041   P1SEL2
0000002a   P2DIR
0000002d   P2IE
0000002c   P2IES
0000002b   P2IFG
00000028   P2IN
00000029   P2OUT
0000002f   P2REN
0000002e   P2SEL
00000042   P2SEL2
0000001a   P3DIR
00000018   P3IN
00000019   P3OUT
00000010   P3REN
0000001b   P3SEL
00000043   P3SEL2
00000172   TA0CCR0
00000174   TA0CCR1
00000176   TA0CCR2
00000162   TA0CCTL0
00000164   TA0CCTL1
00000166   TA0CCTL2
00000160   TA0CTL
0000012e   TA0IV
00000170   TA0R
00000192   TA1CCR0
00000194   TA1CCR1
00000196   TA1CCR2
00000182   TA1CCTL0
00000184   TA1CCTL1
00000186   TA1CCTL2
00000180   TA1CTL
0000011e   TA1IV
00000190   TA1R
000010db   TLV_ADC10_1_LEN
000010da   TLV_ADC10_1_TAG
000010c0   TLV_CHECKSUM
000010f7   TLV_DCO_30_LEN
000010f6   TLV_DCO_30_TAG
0000005d   UCA0ABCTL
00000062   UCA0BR0
00000063   UCA0BR1
00000060   UCA0CTL0
00000061   UCA0CTL1
0000005f   UCA0IRRCTL
0000005e   UCA0IRTCTL
00000064   UCA0MCTL
00000066   UCA0RXBUF
00000065   UCA0STAT
00000067   UCA0TXBUF
0000006a   UCB0BR0
0000006b   UCB0BR1
00000068   UCB0CTL0
00000069   UCB0CTL1
0000006c   UCB0I2CIE
00000118   UCB0I2COA
0000011a   UCB0I2CSA
0000006e   UCB0RXBUF
0000006d   UCB0STAT
0000006f   UCB0TXBUF
00000120   WDTCTL
00000400   __STACK_END
00000050   __STACK_SIZE
0000ce54   __TI_CINIT_Base
0000ce58   __TI_CINIT_Limit
0000ce52   __TI_Handler_Table_Base
0000ce54   __TI_Handler_Table_Limit
UNDEFED    __TI_INITARRAY_Base
UNDEFED    __TI_INITARRAY_Limit
0000ce16   __TI_ISR_TRAP
00000001   __TI_args_main
00000001   __TI_exit
0000c000   __TI_frcmpyd
0000ffe4   __TI_int02
0000ffe6   __TI_int03
0000ffea   __TI_int05
0000ffec   __TI_int06
0000ffee   __TI_int07
0000fff0   __TI_int08
0000fff2   __TI_int09
0000fff4   __TI_int10
0000fff6   __TI_int11
0000fff8   __TI_int12
0000fffa   __TI_int13
0000fffc   __TI_int14
0000c678   __TI_printfi_minimal
0000cd7a   __TI_zero_init
ffffffff   __binit__
ffffffff   __c_args__
0000cd64   __mspabi_divu
0000cc4c   __mspabi_fixdi
0000c86e   __mspabi_fixdli
0000ce0a   __mspabi_fltid
0000c742   __mspabi_fltlid
0000cdf8   __mspabi_func_epilog_1
0000cdf6   __mspabi_func_epilog_2
0000cdf4   __mspabi_func_epilog_3
0000cdf2   __mspabi_func_epilog_4
0000cdf0   __mspabi_func_epilog_5
0000cdee   __mspabi_func_epilog_6
0000cdec   __mspabi_func_epilog_7
0000c2f4   __mspabi_mpyd
0000cda2   __mspabi_mpyi
0000cc74   __mspabi_mpyl
0000cd64   __mspabi_remu
0000cc20   __mspabi_slli
0000cc48   __mspabi_slli_1
0000cc36   __mspabi_slli_10
0000cc34   __mspabi_slli_11
0000cc32   __mspabi_slli_12
0000cc30   __mspabi_slli_13
0000cc2e   __mspabi_slli_14
0000cc2c   __mspabi_slli_15
0000cc46   __mspabi_slli_2
0000cc44   __mspabi_slli_3
0000cc42   __mspabi_slli_4
0000cc40   __mspabi_slli_5
0000cc3e   __mspabi_slli_6
0000cc3c   __mspabi_slli_7
0000cc3a   __mspabi_slli_8
0000cc38   __mspabi_slli_9
0000cb88   __mspabi_slll_1
0000cb64   __mspabi_slll_10
0000cb60   __mspabi_slll_11
0000cb5c   __mspabi_slll_12
0000cb58   __mspabi_slll_13
0000cb54   __mspabi_slll_14
0000cb50   __mspabi_slll_15
0000cb84   __mspabi_slll_2
0000cb80   __mspabi_slll_3
0000cb7c   __mspabi_slll_4
0000cb78   __mspabi_slll_5
0000cb74   __mspabi_slll_6
0000cb70   __mspabi_slll_7
0000cb6c   __mspabi_slll_8
0000cb68   __mspabi_slll_9
0000cbf4   __mspabi_srai
0000cc1c   __mspabi_srai_1
0000cc0a   __mspabi_srai_10
0000cc08   __mspabi_srai_11
0000cc06   __mspabi_srai_12
0000cc04   __mspabi_srai_13
0000cc02   __mspabi_srai_14
0000cc00   __mspabi_srai_15
0000cc1a   __mspabi_srai_2
0000cc18   __mspabi_srai_3
0000cc16   __mspabi_srai_4
0000cc14   __mspabi_srai_5
0000cc12   __mspabi_srai_6
0000cc10   __mspabi_srai_7
0000cc0e   __mspabi_srai_8
0000cc0c   __mspabi_srai_9
0000cb4a   __mspabi_sral_1
0000cb26   __mspabi_sral_10
0000cb22   __mspabi_sral_11
0000cb1e   __mspabi_sral_12
0000cb1a   __mspabi_sral_13
0000cb16   __mspabi_sral_14
0000cb12   __mspabi_sral_15
0000cb46   __mspabi_sral_2
0000cb42   __mspabi_sral_3
0000cb3e   __mspabi_sral_4
0000cb3a   __mspabi_sral_5
0000cb36   __mspabi_sral_6
0000cb32   __mspabi_sral_7
0000cb2e   __mspabi_sral_8
0000cb2a   __mspabi_sral_9
0000ca3e   __mspabi_srli
0000ca84   __mspabi_srli_1
0000ca60   __mspabi_srli_10
0000ca5c   __mspabi_srli_11
0000ca58   __mspabi_srli_12
0000ca54   __mspabi_srli_13
0000ca50   __mspabi_srli_14
0000ca4c   __mspabi_srli_15
0000ca80   __mspabi_srli_2
0000ca7c   __mspabi_srli_3
0000ca78   __mspabi_srli_4
0000ca74   __mspabi_srli_5
0000ca70   __mspabi_srli_6
0000ca6c   __mspabi_srli_7
0000ca68   __mspabi_srli_8
0000ca64   __mspabi_srli_9
0000cdc8   __mspabi_srll
0000c992   __mspabi_srll_1
0000c95c   __mspabi_srll_10
0000c956   __mspabi_srll_11
0000c950   __mspabi_srll_12
0000c94a   __mspabi_srll_13
0000c944   __mspabi_srll_14
0000c93e   __mspabi_srll_15
0000c98c   __mspabi_srll_2
0000c986   __mspabi_srll_3
0000c980   __mspabi_srll_4
0000c97a   __mspabi_srll_5
0000c974   __mspabi_srll_6
0000c96e   __mspabi_srll_7
0000c968   __mspabi_srll_8
0000c962   __mspabi_srll_9
0000c8e0   _auto_init
0000cd18   _c_int00
0000cd18   _c_int00_noexit
0000fffe   _reset_vector
000003b0   _stack
0000ce1c   _system_pre_init
0000ce20   abort
ffffffff   binit
00000200   cadena
00000214   distancia
00000216   i
0000ccc0   llamado
0000cce0   main
0000ccfc   memccpy
0000cdda   memcpy
0000cd8e   memset
0000cad2   mostrar_serial_int
0000cc9a   serial
0000cb8e   sprintf
0000cdfc   strlen
00000218   tiempo
0000c7e4   ultra_sonido


GLOBAL SYMBOLS: SORTED BY Symbol Address 

address    name
--------   ----
00000000   IE1
00000001   IE2
00000001   __TI_args_main
00000001   __TI_exit
00000002   IFG1
00000003   IFG2
00000010   P3REN
00000018   P3IN
00000019   P3OUT
0000001a   P3DIR
0000001b   P3SEL
00000020   P1IN
00000021   P1OUT
00000022   P1DIR
00000023   P1IFG
00000024   P1IES
00000025   P1IE
00000026   P1SEL
00000027   P1REN
00000028   P2IN
00000029   P2OUT
0000002a   P2DIR
0000002b   P2IFG
0000002c   P2IES
0000002d   P2IE
0000002e   P2SEL
0000002f   P2REN
00000041   P1SEL2
00000042   P2SEL2
00000043   P3SEL2
00000048   ADC10DTC0
00000049   ADC10DTC1
0000004a   ADC10AE0
00000050   __STACK_SIZE
00000053   BCSCTL3
00000056   DCOCTL
00000057   BCSCTL1
00000058   BCSCTL2
00000059   CACTL1
0000005a   CACTL2
0000005b   CAPD
0000005d   UCA0ABCTL
0000005e   UCA0IRTCTL
0000005f   UCA0IRRCTL
00000060   UCA0CTL0
00000061   UCA0CTL1
00000062   UCA0BR0
00000063   UCA0BR1
00000064   UCA0MCTL
00000065   UCA0STAT
00000066   UCA0RXBUF
00000067   UCA0TXBUF
00000068   UCB0CTL0
00000069   UCB0CTL1
0000006a   UCB0BR0
0000006b   UCB0BR1
0000006c   UCB0I2CIE
0000006d   UCB0STAT
0000006e   UCB0RXBUF
0000006f   UCB0TXBUF
00000118   UCB0I2COA
0000011a   UCB0I2CSA
0000011e   TA1IV
00000120   WDTCTL
00000128   FCTL1
0000012a   FCTL2
0000012c   FCTL3
0000012e   TA0IV
00000160   TA0CTL
00000162   TA0CCTL0
00000164   TA0CCTL1
00000166   TA0CCTL2
00000170   TA0R
00000172   TA0CCR0
00000174   TA0CCR1
00000176   TA0CCR2
00000180   TA1CTL
00000182   TA1CCTL0
00000184   TA1CCTL1
00000186   TA1CCTL2
00000190   TA1R
00000192   TA1CCR0
00000194   TA1CCR1
00000196   TA1CCR2
000001b0   ADC10CTL0
000001b2   ADC10CTL1
000001b4   ADC10MEM
000001bc   ADC10SA
00000200   cadena
00000214   distancia
00000216   i
00000218   tiempo
000003b0   _stack
00000400   __STACK_END
000010c0   TLV_CHECKSUM
000010da   TLV_ADC10_1_TAG
000010db   TLV_ADC10_1_LEN
000010f6   TLV_DCO_30_TAG
000010f7   TLV_DCO_30_LEN
000010f8   CALDCO_16MHZ
000010f9   CALBC1_16MHZ
000010fa   CALDCO_12MHZ
000010fb   CALBC1_12MHZ
000010fc   CALDCO_8MHZ
000010fd   CALBC1_8MHZ
000010fe   CALDCO_1MHZ
000010ff   CALBC1_1MHZ
0000c000   __TI_frcmpyd
0000c2f4   __mspabi_mpyd
0000c678   __TI_printfi_minimal
0000c742   __mspabi_fltlid
0000c7e4   ultra_sonido
0000c86e   __mspabi_fixdli
0000c8e0   _auto_init
0000c93e   __mspabi_srll_15
0000c944   __mspabi_srll_14
0000c94a   __mspabi_srll_13
0000c950   __mspabi_srll_12
0000c956   __mspabi_srll_11
0000c95c   __mspabi_srll_10
0000c962   __mspabi_srll_9
0000c968   __mspabi_srll_8
0000c96e   __mspabi_srll_7
0000c974   __mspabi_srll_6
0000c97a   __mspabi_srll_5
0000c980   __mspabi_srll_4
0000c986   __mspabi_srll_3
0000c98c   __mspabi_srll_2
0000c992   __mspabi_srll_1
0000ca3e   __mspabi_srli
0000ca4c   __mspabi_srli_15
0000ca50   __mspabi_srli_14
0000ca54   __mspabi_srli_13
0000ca58   __mspabi_srli_12
0000ca5c   __mspabi_srli_11
0000ca60   __mspabi_srli_10
0000ca64   __mspabi_srli_9
0000ca68   __mspabi_srli_8
0000ca6c   __mspabi_srli_7
0000ca70   __mspabi_srli_6
0000ca74   __mspabi_srli_5
0000ca78   __mspabi_srli_4
0000ca7c   __mspabi_srli_3
0000ca80   __mspabi_srli_2
0000ca84   __mspabi_srli_1
0000cad2   mostrar_serial_int
0000cb12   __mspabi_sral_15
0000cb16   __mspabi_sral_14
0000cb1a   __mspabi_sral_13
0000cb1e   __mspabi_sral_12
0000cb22   __mspabi_sral_11
0000cb26   __mspabi_sral_10
0000cb2a   __mspabi_sral_9
0000cb2e   __mspabi_sral_8
0000cb32   __mspabi_sral_7
0000cb36   __mspabi_sral_6
0000cb3a   __mspabi_sral_5
0000cb3e   __mspabi_sral_4
0000cb42   __mspabi_sral_3
0000cb46   __mspabi_sral_2
0000cb4a   __mspabi_sral_1
0000cb50   __mspabi_slll_15
0000cb54   __mspabi_slll_14
0000cb58   __mspabi_slll_13
0000cb5c   __mspabi_slll_12
0000cb60   __mspabi_slll_11
0000cb64   __mspabi_slll_10
0000cb68   __mspabi_slll_9
0000cb6c   __mspabi_slll_8
0000cb70   __mspabi_slll_7
0000cb74   __mspabi_slll_6
0000cb78   __mspabi_slll_5
0000cb7c   __mspabi_slll_4
0000cb80   __mspabi_slll_3
0000cb84   __mspabi_slll_2
0000cb88   __mspabi_slll_1
0000cb8e   sprintf
0000cbf4   __mspabi_srai
0000cc00   __mspabi_srai_15
0000cc02   __mspabi_srai_14
0000cc04   __mspabi_srai_13
0000cc06   __mspabi_srai_12
0000cc08   __mspabi_srai_11
0000cc0a   __mspabi_srai_10
0000cc0c   __mspabi_srai_9
0000cc0e   __mspabi_srai_8
0000cc10   __mspabi_srai_7
0000cc12   __mspabi_srai_6
0000cc14   __mspabi_srai_5
0000cc16   __mspabi_srai_4
0000cc18   __mspabi_srai_3
0000cc1a   __mspabi_srai_2
0000cc1c   __mspabi_srai_1
0000cc20   __mspabi_slli
0000cc2c   __mspabi_slli_15
0000cc2e   __mspabi_slli_14
0000cc30   __mspabi_slli_13
0000cc32   __mspabi_slli_12
0000cc34   __mspabi_slli_11
0000cc36   __mspabi_slli_10
0000cc38   __mspabi_slli_9
0000cc3a   __mspabi_slli_8
0000cc3c   __mspabi_slli_7
0000cc3e   __mspabi_slli_6
0000cc40   __mspabi_slli_5
0000cc42   __mspabi_slli_4
0000cc44   __mspabi_slli_3
0000cc46   __mspabi_slli_2
0000cc48   __mspabi_slli_1
0000cc4c   __mspabi_fixdi
0000cc74   __mspabi_mpyl
0000cc9a   serial
0000ccc0   llamado
0000cce0   main
0000ccfc   memccpy
0000cd18   _c_int00
0000cd18   _c_int00_noexit
0000cd64   __mspabi_divu
0000cd64   __mspabi_remu
0000cd7a   __TI_zero_init
0000cd8e   memset
0000cda2   __mspabi_mpyi
0000cdc8   __mspabi_srll
0000cdda   memcpy
0000cdec   __mspabi_func_epilog_7
0000cdee   __mspabi_func_epilog_6
0000cdf0   __mspabi_func_epilog_5
0000cdf2   __mspabi_func_epilog_4
0000cdf4   __mspabi_func_epilog_3
0000cdf6   __mspabi_func_epilog_2
0000cdf8   __mspabi_func_epilog_1
0000cdfc   strlen
0000ce0a   __mspabi_fltid
0000ce16   __TI_ISR_TRAP
0000ce1c   _system_pre_init
0000ce20   C$$EXIT
0000ce20   abort
0000ce52   __TI_Handler_Table_Base
0000ce54   __TI_CINIT_Base
0000ce54   __TI_Handler_Table_Limit
0000ce58   __TI_CINIT_Limit
0000ffe4   __TI_int02
0000ffe6   __TI_int03
0000ffea   __TI_int05
0000ffec   __TI_int06
0000ffee   __TI_int07
0000fff0   __TI_int08
0000fff2   __TI_int09
0000fff4   __TI_int10
0000fff6   __TI_int11
0000fff8   __TI_int12
0000fffa   __TI_int13
0000fffc   __TI_int14
0000fffe   _reset_vector
ffffffff   __binit__
ffffffff   __c_args__
ffffffff   binit
UNDEFED    __TI_INITARRAY_Base
UNDEFED    __TI_INITARRAY_Limit

[259 symbols]
