<?xml version="1.0"?>
<link_info>
   <banner>MSP430 Linker PC v4.3.3</banner>
   <copyright>Copyright (c) 2003-2014 Texas Instruments Incorporated</copyright>
   <link_time>0x5595d199</link_time>
   <link_errors>0x0</link_errors>
   <output_file>ultrasonido.out</output_file>
   <entry_point>
      <name>_c_int00</name>
      <address>0xcd86</address>
   </entry_point>
   <input_file_list>
      <input_file id="fl-2">
         <path>.\</path>
         <kind>object</kind>
         <file>main.obj</file>
         <name>main.obj</name>
      </input_file>
      <input_file id="fl-30">
         <path>c:\ti\ccsv6\tools\compiler\msp430_4.3.3\lib\</path>
         <kind>archive</kind>
         <file>rts430_eabi.lib</file>
         <name>boot.obj</name>
      </input_file>
      <input_file id="fl-31">
         <path>c:\ti\ccsv6\tools\compiler\msp430_4.3.3\lib\</path>
         <kind>archive</kind>
         <file>rts430_eabi.lib</file>
         <name>copy_decompress_none.obj</name>
      </input_file>
      <input_file id="fl-32">
         <path>c:\ti\ccsv6\tools\compiler\msp430_4.3.3\lib\</path>
         <kind>archive</kind>
         <file>rts430_eabi.lib</file>
         <name>copy_decompress_rle.obj</name>
      </input_file>
      <input_file id="fl-33">
         <path>c:\ti\ccsv6\tools\compiler\msp430_4.3.3\lib\</path>
         <kind>archive</kind>
         <file>rts430_eabi.lib</file>
         <name>copy_zero_init.obj</name>
      </input_file>
      <input_file id="fl-34">
         <path>c:\ti\ccsv6\tools\compiler\msp430_4.3.3\lib\</path>
         <kind>archive</kind>
         <file>rts430_eabi.lib</file>
         <name>epilog.obj</name>
      </input_file>
      <input_file id="fl-35">
         <path>c:\ti\ccsv6\tools\compiler\msp430_4.3.3\lib\</path>
         <kind>archive</kind>
         <file>rts430_eabi.lib</file>
         <name>exit.obj</name>
      </input_file>
      <input_file id="fl-36">
         <path>c:\ti\ccsv6\tools\compiler\msp430_4.3.3\lib\</path>
         <kind>archive</kind>
         <file>rts430_eabi.lib</file>
         <name>fixdi.obj</name>
      </input_file>
      <input_file id="fl-37">
         <path>c:\ti\ccsv6\tools\compiler\msp430_4.3.3\lib\</path>
         <kind>archive</kind>
         <file>rts430_eabi.lib</file>
         <name>fixdli.obj</name>
      </input_file>
      <input_file id="fl-38">
         <path>c:\ti\ccsv6\tools\compiler\msp430_4.3.3\lib\</path>
         <kind>archive</kind>
         <file>rts430_eabi.lib</file>
         <name>fltid.obj</name>
      </input_file>
      <input_file id="fl-39">
         <path>c:\ti\ccsv6\tools\compiler\msp430_4.3.3\lib\</path>
         <kind>archive</kind>
         <file>rts430_eabi.lib</file>
         <name>fltlid.obj</name>
      </input_file>
      <input_file id="fl-3a">
         <path>c:\ti\ccsv6\tools\compiler\msp430_4.3.3\lib\</path>
         <kind>archive</kind>
         <file>rts430_eabi.lib</file>
         <name>int02.obj</name>
      </input_file>
      <input_file id="fl-3b">
         <path>c:\ti\ccsv6\tools\compiler\msp430_4.3.3\lib\</path>
         <kind>archive</kind>
         <file>rts430_eabi.lib</file>
         <name>int03.obj</name>
      </input_file>
      <input_file id="fl-3c">
         <path>c:\ti\ccsv6\tools\compiler\msp430_4.3.3\lib\</path>
         <kind>archive</kind>
         <file>rts430_eabi.lib</file>
         <name>int05.obj</name>
      </input_file>
      <input_file id="fl-3d">
         <path>c:\ti\ccsv6\tools\compiler\msp430_4.3.3\lib\</path>
         <kind>archive</kind>
         <file>rts430_eabi.lib</file>
         <name>int06.obj</name>
      </input_file>
      <input_file id="fl-3e">
         <path>c:\ti\ccsv6\tools\compiler\msp430_4.3.3\lib\</path>
         <kind>archive</kind>
         <file>rts430_eabi.lib</file>
         <name>int07.obj</name>
      </input_file>
      <input_file id="fl-3f">
         <path>c:\ti\ccsv6\tools\compiler\msp430_4.3.3\lib\</path>
         <kind>archive</kind>
         <file>rts430_eabi.lib</file>
         <name>int08.obj</name>
      </input_file>
      <input_file id="fl-40">
         <path>c:\ti\ccsv6\tools\compiler\msp430_4.3.3\lib\</path>
         <kind>archive</kind>
         <file>rts430_eabi.lib</file>
         <name>int09.obj</name>
      </input_file>
      <input_file id="fl-41">
         <path>c:\ti\ccsv6\tools\compiler\msp430_4.3.3\lib\</path>
         <kind>archive</kind>
         <file>rts430_eabi.lib</file>
         <name>int10.obj</name>
      </input_file>
      <input_file id="fl-42">
         <path>c:\ti\ccsv6\tools\compiler\msp430_4.3.3\lib\</path>
         <kind>archive</kind>
         <file>rts430_eabi.lib</file>
         <name>int11.obj</name>
      </input_file>
      <input_file id="fl-43">
         <path>c:\ti\ccsv6\tools\compiler\msp430_4.3.3\lib\</path>
         <kind>archive</kind>
         <file>rts430_eabi.lib</file>
         <name>int12.obj</name>
      </input_file>
      <input_file id="fl-44">
         <path>c:\ti\ccsv6\tools\compiler\msp430_4.3.3\lib\</path>
         <kind>archive</kind>
         <file>rts430_eabi.lib</file>
         <name>int13.obj</name>
      </input_file>
      <input_file id="fl-45">
         <path>c:\ti\ccsv6\tools\compiler\msp430_4.3.3\lib\</path>
         <kind>archive</kind>
         <file>rts430_eabi.lib</file>
         <name>int14.obj</name>
      </input_file>
      <input_file id="fl-46">
         <path>c:\ti\ccsv6\tools\compiler\msp430_4.3.3\lib\</path>
         <kind>archive</kind>
         <file>rts430_eabi.lib</file>
         <name>isr_trap.obj</name>
      </input_file>
      <input_file id="fl-47">
         <path>c:\ti\ccsv6\tools\compiler\msp430_4.3.3\lib\</path>
         <kind>archive</kind>
         <file>rts430_eabi.lib</file>
         <name>lsl16.obj</name>
      </input_file>
      <input_file id="fl-48">
         <path>c:\ti\ccsv6\tools\compiler\msp430_4.3.3\lib\</path>
         <kind>archive</kind>
         <file>rts430_eabi.lib</file>
         <name>lsl32.obj</name>
      </input_file>
      <input_file id="fl-49">
         <path>c:\ti\ccsv6\tools\compiler\msp430_4.3.3\lib\</path>
         <kind>archive</kind>
         <file>rts430_eabi.lib</file>
         <name>lsr16.obj</name>
      </input_file>
      <input_file id="fl-4a">
         <path>c:\ti\ccsv6\tools\compiler\msp430_4.3.3\lib\</path>
         <kind>archive</kind>
         <file>rts430_eabi.lib</file>
         <name>lsr32.obj</name>
      </input_file>
      <input_file id="fl-4b">
         <path>c:\ti\ccsv6\tools\compiler\msp430_4.3.3\lib\</path>
         <kind>archive</kind>
         <file>rts430_eabi.lib</file>
         <name>memcpy.obj</name>
      </input_file>
      <input_file id="fl-4c">
         <path>c:\ti\ccsv6\tools\compiler\msp430_4.3.3\lib\</path>
         <kind>archive</kind>
         <file>rts430_eabi.lib</file>
         <name>mpu_init.obj</name>
      </input_file>
      <input_file id="fl-4d">
         <path>c:\ti\ccsv6\tools\compiler\msp430_4.3.3\lib\</path>
         <kind>archive</kind>
         <file>rts430_eabi.lib</file>
         <name>mpyd.obj</name>
      </input_file>
      <input_file id="fl-4e">
         <path>c:\ti\ccsv6\tools\compiler\msp430_4.3.3\lib\</path>
         <kind>archive</kind>
         <file>rts430_eabi.lib</file>
         <name>pre_init.obj</name>
      </input_file>
      <input_file id="fl-4f">
         <path>c:\ti\ccsv6\tools\compiler\msp430_4.3.3\lib\</path>
         <kind>archive</kind>
         <file>rts430_eabi.lib</file>
         <name>sprintf.obj</name>
      </input_file>
      <input_file id="fl-50">
         <path>c:\ti\ccsv6\tools\compiler\msp430_4.3.3\lib\</path>
         <kind>archive</kind>
         <file>rts430_eabi.lib</file>
         <name>_lock.obj</name>
      </input_file>
      <input_file id="fl-51">
         <path>c:\ti\ccsv6\tools\compiler\msp430_4.3.3\lib\</path>
         <kind>archive</kind>
         <file>rts430_eabi.lib</file>
         <name>_printfi_min.obj</name>
      </input_file>
      <input_file id="fl-52">
         <path>c:\ti\ccsv6\tools\compiler\msp430_4.3.3\lib\</path>
         <kind>archive</kind>
         <file>rts430_eabi.lib</file>
         <name>args_main.obj</name>
      </input_file>
      <input_file id="fl-53">
         <path>c:\ti\ccsv6\tools\compiler\msp430_4.3.3\lib\</path>
         <kind>archive</kind>
         <file>rts430_eabi.lib</file>
         <name>asr16.obj</name>
      </input_file>
      <input_file id="fl-54">
         <path>c:\ti\ccsv6\tools\compiler\msp430_4.3.3\lib\</path>
         <kind>archive</kind>
         <file>rts430_eabi.lib</file>
         <name>autoinit.obj</name>
      </input_file>
      <input_file id="fl-55">
         <path>c:\ti\ccsv6\tools\compiler\msp430_4.3.3\lib\</path>
         <kind>archive</kind>
         <file>rts430_eabi.lib</file>
         <name>div16u.obj</name>
      </input_file>
      <input_file id="fl-56">
         <path>c:\ti\ccsv6\tools\compiler\msp430_4.3.3\lib\</path>
         <kind>archive</kind>
         <file>rts430_eabi.lib</file>
         <name>frcmpyd.obj</name>
      </input_file>
      <input_file id="fl-57">
         <path>c:\ti\ccsv6\tools\compiler\msp430_4.3.3\lib\</path>
         <kind>archive</kind>
         <file>rts430_eabi.lib</file>
         <name>memccpy.obj</name>
      </input_file>
      <input_file id="fl-58">
         <path>c:\ti\ccsv6\tools\compiler\msp430_4.3.3\lib\</path>
         <kind>archive</kind>
         <file>rts430_eabi.lib</file>
         <name>memset.obj</name>
      </input_file>
      <input_file id="fl-59">
         <path>c:\ti\ccsv6\tools\compiler\msp430_4.3.3\lib\</path>
         <kind>archive</kind>
         <file>rts430_eabi.lib</file>
         <name>mult16.obj</name>
      </input_file>
      <input_file id="fl-5a">
         <path>c:\ti\ccsv6\tools\compiler\msp430_4.3.3\lib\</path>
         <kind>archive</kind>
         <file>rts430_eabi.lib</file>
         <name>mult32.obj</name>
      </input_file>
      <input_file id="fl-5b">
         <path>c:\ti\ccsv6\tools\compiler\msp430_4.3.3\lib\</path>
         <kind>archive</kind>
         <file>rts430_eabi.lib</file>
         <name>strlen.obj</name>
      </input_file>
      <input_file id="fl-5c">
         <path>c:\ti\ccsv6\tools\compiler\msp430_4.3.3\lib\</path>
         <kind>archive</kind>
         <file>rts430_eabi.lib</file>
         <name>asr32.obj</name>
      </input_file>
   </input_file_list>
   <object_component_list>
      <object_component id="oc-52">
         <name>.stack</name>
         <uninitialized>true</uninitialized>
         <run_address>0x3b0</run_address>
         <size>0x2</size>
         <input_file_ref idref="fl-30"/>
      </object_component>
      <object_component id="oc-236">
         <name>.stack</name>
         <uninitialized>true</uninitialized>
         <run_address>0x3b0</run_address>
         <size>0x0</size>
      </object_component>
      <object_component id="oc-123">
         <name>.text:__TI_frcmpyd</name>
         <load_address>0xc000</load_address>
         <run_address>0xc000</run_address>
         <size>0x2f4</size>
         <input_file_ref idref="fl-56"/>
      </object_component>
      <object_component id="oc-ee">
         <name>.text:__mspabi_mpyd</name>
         <load_address>0xc2f4</load_address>
         <run_address>0xc2f4</run_address>
         <size>0x26e</size>
         <input_file_ref idref="fl-4d"/>
      </object_component>
      <object_component id="oc-187">
         <name>.text:_setfield</name>
         <load_address>0xc562</load_address>
         <run_address>0xc562</run_address>
         <size>0x116</size>
         <input_file_ref idref="fl-51"/>
      </object_component>
      <object_component id="oc-14b">
         <name>.text:__TI_printfi_minimal</name>
         <load_address>0xc678</load_address>
         <run_address>0xc678</run_address>
         <size>0xca</size>
         <input_file_ref idref="fl-51"/>
      </object_component>
      <object_component id="oc-116">
         <name>.text:__mspabi_fltlid</name>
         <load_address>0xc742</load_address>
         <run_address>0xc742</run_address>
         <size>0xa2</size>
         <input_file_ref idref="fl-39"/>
      </object_component>
      <object_component id="oc-b1">
         <name>.text:ultra_sonido</name>
         <load_address>0xc7e4</load_address>
         <run_address>0xc7e4</run_address>
         <size>0x88</size>
         <input_file_ref idref="fl-2"/>
      </object_component>
      <object_component id="oc-135">
         <name>.text:__mspabi_fixdli</name>
         <load_address>0xc86c</load_address>
         <run_address>0xc86c</run_address>
         <size>0x72</size>
         <input_file_ref idref="fl-37"/>
      </object_component>
      <object_component id="oc-88">
         <name>.text:__TI_decompress_rle_core</name>
         <load_address>0xc8de</load_address>
         <run_address>0xc8de</run_address>
         <size>0x5e</size>
         <input_file_ref idref="fl-32"/>
      </object_component>
      <object_component id="oc-61">
         <name>.text:_auto_init</name>
         <load_address>0xc93c</load_address>
         <run_address>0xc93c</run_address>
         <size>0x5e</size>
         <input_file_ref idref="fl-54"/>
      </object_component>
      <object_component id="oc-158">
         <name>.text:l_lsr_const</name>
         <load_address>0xc99a</load_address>
         <run_address>0xc99a</run_address>
         <size>0x5c</size>
         <input_file_ref idref="fl-4a"/>
      </object_component>
      <object_component id="oc-1da">
         <name>.text:_ltostr</name>
         <load_address>0xc9f6</load_address>
         <run_address>0xc9f6</run_address>
         <size>0x56</size>
         <input_file_ref idref="fl-51"/>
      </object_component>
      <object_component id="oc-1bb">
         <name>.text:_pproc_diouxp</name>
         <load_address>0xca4c</load_address>
         <run_address>0xca4c</run_address>
         <size>0x4e</size>
         <input_file_ref idref="fl-51"/>
      </object_component>
      <object_component id="oc-171">
         <name>.text</name>
         <load_address>0xca9a</load_address>
         <run_address>0xca9a</run_address>
         <size>0x4c</size>
         <input_file_ref idref="fl-49"/>
      </object_component>
      <object_component id="oc-18d">
         <name>.text:_pproc_str</name>
         <load_address>0xcae6</load_address>
         <run_address>0xcae6</run_address>
         <size>0x48</size>
         <input_file_ref idref="fl-51"/>
      </object_component>
      <object_component id="oc-c1">
         <name>.text:mostrar_int</name>
         <load_address>0xcb2e</load_address>
         <run_address>0xcb2e</run_address>
         <size>0x40</size>
         <input_file_ref idref="fl-2"/>
      </object_component>
      <object_component id="oc-167">
         <name>.text:l_asr_const</name>
         <load_address>0xcb6e</load_address>
         <run_address>0xcb6e</run_address>
         <size>0x3e</size>
         <input_file_ref idref="fl-5c"/>
      </object_component>
      <object_component id="oc-153">
         <name>.text:l_lsl_const</name>
         <load_address>0xcbac</load_address>
         <run_address>0xcbac</run_address>
         <size>0x3e</size>
         <input_file_ref idref="fl-48"/>
      </object_component>
      <object_component id="oc-107">
         <name>.text:sprintf</name>
         <load_address>0xcbea</load_address>
         <run_address>0xcbea</run_address>
         <size>0x38</size>
         <input_file_ref idref="fl-4f"/>
      </object_component>
      <object_component id="oc-1d4">
         <name>.text:_getarg_diouxp</name>
         <load_address>0xcc22</load_address>
         <run_address>0xcc22</run_address>
         <size>0x2e</size>
         <input_file_ref idref="fl-51"/>
      </object_component>
      <object_component id="oc-67">
         <name>.text:main</name>
         <load_address>0xcc50</load_address>
         <run_address>0xcc50</run_address>
         <size>0x2e</size>
         <input_file_ref idref="fl-2"/>
      </object_component>
      <object_component id="oc-11e">
         <name>.text</name>
         <load_address>0xcc7e</load_address>
         <run_address>0xcc7e</run_address>
         <size>0x2c</size>
         <input_file_ref idref="fl-53"/>
      </object_component>
      <object_component id="oc-129">
         <name>.text</name>
         <load_address>0xccaa</load_address>
         <run_address>0xccaa</run_address>
         <size>0x2c</size>
         <input_file_ref idref="fl-47"/>
      </object_component>
      <object_component id="oc-f4">
         <name>.text:__mspabi_fixdi</name>
         <load_address>0xccd6</load_address>
         <run_address>0xccd6</run_address>
         <size>0x28</size>
         <input_file_ref idref="fl-36"/>
      </object_component>
      <object_component id="oc-b8">
         <name>.text:mostrar_cadena</name>
         <load_address>0xccfe</load_address>
         <run_address>0xccfe</run_address>
         <size>0x26</size>
         <input_file_ref idref="fl-2"/>
      </object_component>
      <object_component id="oc-162">
         <name>.text</name>
         <load_address>0xcd24</load_address>
         <run_address>0xcd24</run_address>
         <size>0x26</size>
         <input_file_ref idref="fl-5a"/>
      </object_component>
      <object_component id="oc-ab">
         <name>.text:conf_serial</name>
         <load_address>0xcd4a</load_address>
         <run_address>0xcd4a</run_address>
         <size>0x20</size>
         <input_file_ref idref="fl-2"/>
      </object_component>
      <object_component id="oc-1c1">
         <name>.text:memccpy</name>
         <load_address>0xcd6a</load_address>
         <run_address>0xcd6a</run_address>
         <size>0x1c</size>
         <input_file_ref idref="fl-57"/>
      </object_component>
      <object_component id="oc-3a">
         <name>.text:_c_int00_noexit</name>
         <load_address>0xcd86</load_address>
         <run_address>0xcd86</run_address>
         <size>0x1a</size>
         <input_file_ref idref="fl-30"/>
      </object_component>
      <object_component id="oc-13f">
         <name>.text:_outs</name>
         <load_address>0xcda0</load_address>
         <run_address>0xcda0</run_address>
         <size>0x1a</size>
         <input_file_ref idref="fl-4f"/>
      </object_component>
      <object_component id="oc-a5">
         <name>.text:llamado</name>
         <load_address>0xcdba</load_address>
         <run_address>0xcdba</run_address>
         <size>0x1a</size>
         <input_file_ref idref="fl-2"/>
      </object_component>
      <object_component id="oc-1e6">
         <name>.text:_div</name>
         <load_address>0xcdd4</load_address>
         <run_address>0xcdd4</run_address>
         <size>0x18</size>
         <input_file_ref idref="fl-51"/>
      </object_component>
      <object_component id="oc-1f4">
         <name>.text</name>
         <load_address>0xcdec</load_address>
         <run_address>0xcdec</run_address>
         <size>0x16</size>
         <input_file_ref idref="fl-55"/>
      </object_component>
      <object_component id="oc-46">
         <name>.text:decompress:ZI:__TI_zero_init</name>
         <load_address>0xce02</load_address>
         <run_address>0xce02</run_address>
         <size>0x14</size>
         <input_file_ref idref="fl-33"/>
      </object_component>
      <object_component id="oc-1b4">
         <name>.text:memset</name>
         <load_address>0xce16</load_address>
         <run_address>0xce16</run_address>
         <size>0x14</size>
         <input_file_ref idref="fl-58"/>
      </object_component>
      <object_component id="oc-1ec">
         <name>.text</name>
         <load_address>0xce2a</load_address>
         <run_address>0xce2a</run_address>
         <size>0x14</size>
         <input_file_ref idref="fl-59"/>
      </object_component>
      <object_component id="oc-145">
         <name>.text:_outc</name>
         <load_address>0xce3e</load_address>
         <run_address>0xce3e</run_address>
         <size>0x12</size>
         <input_file_ref idref="fl-4f"/>
      </object_component>
      <object_component id="oc-40">
         <name>.text:decompress:none:__TI_decompress_none</name>
         <load_address>0xce50</load_address>
         <run_address>0xce50</run_address>
         <size>0x12</size>
         <input_file_ref idref="fl-31"/>
      </object_component>
      <object_component id="oc-176">
         <name>.text:l_lsr</name>
         <load_address>0xce62</load_address>
         <run_address>0xce62</run_address>
         <size>0x12</size>
         <input_file_ref idref="fl-4a"/>
      </object_component>
      <object_component id="oc-74">
         <name>.text:memcpy</name>
         <load_address>0xce74</load_address>
         <run_address>0xce74</run_address>
         <size>0x12</size>
         <input_file_ref idref="fl-4b"/>
      </object_component>
      <object_component id="oc-9e">
         <name>.text</name>
         <load_address>0xce86</load_address>
         <run_address>0xce86</run_address>
         <size>0x10</size>
         <input_file_ref idref="fl-34"/>
      </object_component>
      <object_component id="oc-181">
         <name>.text:strlen</name>
         <load_address>0xce96</load_address>
         <run_address>0xce96</run_address>
         <size>0xe</size>
         <input_file_ref idref="fl-5b"/>
      </object_component>
      <object_component id="oc-e8">
         <name>.text:__mspabi_fltid</name>
         <load_address>0xcea4</load_address>
         <run_address>0xcea4</run_address>
         <size>0xc</size>
         <input_file_ref idref="fl-38"/>
      </object_component>
      <object_component id="oc-56">
         <name>.text:__TI_ISR_TRAP</name>
         <load_address>0xceb0</load_address>
         <run_address>0xceb0</run_address>
         <size>0x6</size>
         <input_file_ref idref="fl-46"/>
      </object_component>
      <object_component id="oc-4c">
         <name>.text:decompress:rle24:__TI_decompress_rle24</name>
         <load_address>0xceb6</load_address>
         <run_address>0xceb6</run_address>
         <size>0x6</size>
         <input_file_ref idref="fl-32"/>
      </object_component>
      <object_component id="oc-5b">
         <name>.text:_system_pre_init</name>
         <load_address>0xcebc</load_address>
         <run_address>0xcebc</run_address>
         <size>0x4</size>
         <input_file_ref idref="fl-4e"/>
      </object_component>
      <object_component id="oc-6d">
         <name>.text:abort</name>
         <load_address>0xcec0</load_address>
         <run_address>0xcec0</run_address>
         <size>0x4</size>
         <input_file_ref idref="fl-35"/>
      </object_component>
      <object_component id="oc-232">
         <name>__TI_handler_table</name>
         <load_address>0xcf00</load_address>
         <run_address>0xcf00</run_address>
         <size>0x6</size>
      </object_component>
      <object_component id="oc-235">
         <name>.cinit..data.load</name>
         <load_address>0xcf06</load_address>
         <run_address>0xcf06</run_address>
         <size>0x5</size>
      </object_component>
      <object_component id="oc-234">
         <name>.cinit..bss.load</name>
         <load_address>0xcf0c</load_address>
         <run_address>0xcf0c</run_address>
         <size>0x4</size>
      </object_component>
      <object_component id="oc-233">
         <name>__TI_cinit_table</name>
         <load_address>0xcf10</load_address>
         <run_address>0xcf10</run_address>
         <size>0x8</size>
      </object_component>
      <object_component id="oc-b7">
         <name>.const:.string</name>
         <load_address>0xcec4</load_address>
         <run_address>0xcec4</run_address>
         <size>0x28</size>
         <input_file_ref idref="fl-2"/>
      </object_component>
      <object_component id="oc-1ba">
         <name>.const:.string</name>
         <load_address>0xceec</load_address>
         <run_address>0xceec</run_address>
         <size>0x14</size>
         <input_file_ref idref="fl-51"/>
      </object_component>
      <object_component id="oc-2e">
         <name>.int02</name>
         <load_address>0xffe4</load_address>
         <run_address>0xffe4</run_address>
         <size>0x2</size>
         <input_file_ref idref="fl-3a"/>
      </object_component>
      <object_component id="oc-2f">
         <name>.int03</name>
         <load_address>0xffe6</load_address>
         <run_address>0xffe6</run_address>
         <size>0x2</size>
         <input_file_ref idref="fl-3b"/>
      </object_component>
      <object_component id="oc-30">
         <name>.int05</name>
         <load_address>0xffea</load_address>
         <run_address>0xffea</run_address>
         <size>0x2</size>
         <input_file_ref idref="fl-3c"/>
      </object_component>
      <object_component id="oc-31">
         <name>.int06</name>
         <load_address>0xffec</load_address>
         <run_address>0xffec</run_address>
         <size>0x2</size>
         <input_file_ref idref="fl-3d"/>
      </object_component>
      <object_component id="oc-32">
         <name>.int07</name>
         <load_address>0xffee</load_address>
         <run_address>0xffee</run_address>
         <size>0x2</size>
         <input_file_ref idref="fl-3e"/>
      </object_component>
      <object_component id="oc-33">
         <name>.int08</name>
         <load_address>0xfff0</load_address>
         <run_address>0xfff0</run_address>
         <size>0x2</size>
         <input_file_ref idref="fl-3f"/>
      </object_component>
      <object_component id="oc-34">
         <name>.int09</name>
         <load_address>0xfff2</load_address>
         <run_address>0xfff2</run_address>
         <size>0x2</size>
         <input_file_ref idref="fl-40"/>
      </object_component>
      <object_component id="oc-35">
         <name>.int10</name>
         <load_address>0xfff4</load_address>
         <run_address>0xfff4</run_address>
         <size>0x2</size>
         <input_file_ref idref="fl-41"/>
      </object_component>
      <object_component id="oc-36">
         <name>.int11</name>
         <load_address>0xfff6</load_address>
         <run_address>0xfff6</run_address>
         <size>0x2</size>
         <input_file_ref idref="fl-42"/>
      </object_component>
      <object_component id="oc-37">
         <name>.int12</name>
         <load_address>0xfff8</load_address>
         <run_address>0xfff8</run_address>
         <size>0x2</size>
         <input_file_ref idref="fl-43"/>
      </object_component>
      <object_component id="oc-38">
         <name>.int13</name>
         <load_address>0xfffa</load_address>
         <run_address>0xfffa</run_address>
         <size>0x2</size>
         <input_file_ref idref="fl-44"/>
      </object_component>
      <object_component id="oc-39">
         <name>.int14</name>
         <load_address>0xfffc</load_address>
         <run_address>0xfffc</run_address>
         <size>0x2</size>
         <input_file_ref idref="fl-45"/>
      </object_component>
      <object_component id="oc-55">
         <name>.reset</name>
         <load_address>0xfffe</load_address>
         <run_address>0xfffe</run_address>
         <size>0x2</size>
         <input_file_ref idref="fl-30"/>
      </object_component>
      <object_component id="oc-110">
         <name>.common:cadena</name>
         <uninitialized>true</uninitialized>
         <run_address>0x200</run_address>
         <size>0x1e</size>
      </object_component>
      <object_component id="oc-112">
         <name>.common:i</name>
         <uninitialized>true</uninitialized>
         <run_address>0x220</run_address>
         <size>0x2</size>
      </object_component>
      <object_component id="oc-fa">
         <name>.common:distancia</name>
         <uninitialized>true</uninitialized>
         <run_address>0x21e</run_address>
         <size>0x2</size>
      </object_component>
      <object_component id="oc-e7">
         <name>.common:tiempo</name>
         <uninitialized>true</uninitialized>
         <run_address>0x222</run_address>
         <size>0x2</size>
      </object_component>
      <object_component id="oc-100">
         <name>.data</name>
         <load_address>0x224</load_address>
         <run_address>0x224</run_address>
         <size>0x1</size>
         <input_file_ref idref="fl-2"/>
      </object_component>
      <object_component id="oc-3b">
         <name>.debug_info</name>
         <load_address>0x0</load_address>
         <run_address>0x0</run_address>
         <size>0x125</size>
         <input_file_ref idref="fl-30"/>
      </object_component>
      <object_component id="oc-44">
         <name>.debug_info</name>
         <load_address>0x125</load_address>
         <run_address>0x125</run_address>
         <size>0x194</size>
         <input_file_ref idref="fl-31"/>
      </object_component>
      <object_component id="oc-48">
         <name>.debug_info</name>
         <load_address>0x2b9</load_address>
         <run_address>0x2b9</run_address>
         <size>0x16a</size>
         <input_file_ref idref="fl-33"/>
      </object_component>
      <object_component id="oc-50">
         <name>.debug_info</name>
         <load_address>0x423</load_address>
         <run_address>0x423</run_address>
         <size>0x18e</size>
         <input_file_ref idref="fl-32"/>
      </object_component>
      <object_component id="oc-53">
         <name>.debug_info</name>
         <load_address>0x5b1</load_address>
         <run_address>0x5b1</run_address>
         <size>0xaa</size>
         <input_file_ref idref="fl-30"/>
      </object_component>
      <object_component id="oc-57">
         <name>.debug_info</name>
         <load_address>0x65b</load_address>
         <run_address>0x65b</run_address>
         <size>0xc2</size>
         <input_file_ref idref="fl-46"/>
      </object_component>
      <object_component id="oc-5f">
         <name>.debug_info</name>
         <load_address>0x71d</load_address>
         <run_address>0x71d</run_address>
         <size>0xfd</size>
         <input_file_ref idref="fl-4e"/>
      </object_component>
      <object_component id="oc-65">
         <name>.debug_info</name>
         <load_address>0x81a</load_address>
         <run_address>0x81a</run_address>
         <size>0x153</size>
         <input_file_ref idref="fl-54"/>
      </object_component>
      <object_component id="oc-68">
         <name>.debug_info</name>
         <load_address>0x96d</load_address>
         <run_address>0x96d</run_address>
         <size>0x159</size>
         <input_file_ref idref="fl-2"/>
      </object_component>
      <object_component id="oc-71">
         <name>.debug_info</name>
         <load_address>0xac6</load_address>
         <run_address>0xac6</run_address>
         <size>0xcc</size>
         <input_file_ref idref="fl-35"/>
      </object_component>
      <object_component id="oc-75">
         <name>.debug_info</name>
         <load_address>0xb92</load_address>
         <run_address>0xb92</run_address>
         <size>0x157</size>
         <input_file_ref idref="fl-4b"/>
      </object_component>
      <object_component id="oc-7b">
         <name>.debug_info</name>
         <load_address>0xce9</load_address>
         <run_address>0xce9</run_address>
         <size>0x46</size>
         <input_file_ref idref="fl-31"/>
      </object_component>
      <object_component id="oc-80">
         <name>.debug_info</name>
         <load_address>0xd2f</load_address>
         <run_address>0xd2f</run_address>
         <size>0x167</size>
         <input_file_ref idref="fl-31"/>
      </object_component>
      <object_component id="oc-82">
         <name>.debug_info</name>
         <load_address>0xe96</load_address>
         <run_address>0xe96</run_address>
         <size>0x46</size>
         <input_file_ref idref="fl-33"/>
      </object_component>
      <object_component id="oc-87">
         <name>.debug_info</name>
         <load_address>0xedc</load_address>
         <run_address>0xedc</run_address>
         <size>0x11f</size>
         <input_file_ref idref="fl-33"/>
      </object_component>
      <object_component id="oc-8b">
         <name>.debug_info</name>
         <load_address>0xffb</load_address>
         <run_address>0xffb</run_address>
         <size>0x1ef</size>
         <input_file_ref idref="fl-32"/>
      </object_component>
      <object_component id="oc-8f">
         <name>.debug_info</name>
         <load_address>0x11ea</load_address>
         <run_address>0x11ea</run_address>
         <size>0x129</size>
         <input_file_ref idref="fl-32"/>
      </object_component>
      <object_component id="oc-90">
         <name>.debug_info</name>
         <load_address>0x1313</load_address>
         <run_address>0x1313</run_address>
         <size>0x39</size>
         <input_file_ref idref="fl-32"/>
      </object_component>
      <object_component id="oc-97">
         <name>.debug_info</name>
         <load_address>0x134c</load_address>
         <run_address>0x134c</run_address>
         <size>0x84</size>
         <input_file_ref idref="fl-2"/>
      </object_component>
      <object_component id="oc-9f">
         <name>.debug_info</name>
         <load_address>0x13d0</load_address>
         <run_address>0x13d0</run_address>
         <size>0xe1</size>
         <input_file_ref idref="fl-34"/>
      </object_component>
      <object_component id="oc-a4">
         <name>.debug_info</name>
         <load_address>0x14b1</load_address>
         <run_address>0x14b1</run_address>
         <size>0x2ba</size>
         <input_file_ref idref="fl-54"/>
      </object_component>
      <object_component id="oc-a6">
         <name>.debug_info</name>
         <load_address>0x176b</load_address>
         <run_address>0x176b</run_address>
         <size>0x11f</size>
         <input_file_ref idref="fl-2"/>
      </object_component>
      <object_component id="oc-ad">
         <name>.debug_info</name>
         <load_address>0x188a</load_address>
         <run_address>0x188a</run_address>
         <size>0x127</size>
         <input_file_ref idref="fl-2"/>
      </object_component>
      <object_component id="oc-b2">
         <name>.debug_info</name>
         <load_address>0x19b1</load_address>
         <run_address>0x19b1</run_address>
         <size>0x167</size>
         <input_file_ref idref="fl-2"/>
      </object_component>
      <object_component id="oc-b9">
         <name>.debug_info</name>
         <load_address>0x1b18</load_address>
         <run_address>0x1b18</run_address>
         <size>0x143</size>
         <input_file_ref idref="fl-2"/>
      </object_component>
      <object_component id="oc-bf">
         <name>.debug_info</name>
         <load_address>0x1c5b</load_address>
         <run_address>0x1c5b</run_address>
         <size>0x47a</size>
         <input_file_ref idref="fl-2"/>
      </object_component>
      <object_component id="oc-c2">
         <name>.debug_info</name>
         <load_address>0x20d5</load_address>
         <run_address>0x20d5</run_address>
         <size>0x14b</size>
         <input_file_ref idref="fl-2"/>
      </object_component>
      <object_component id="oc-ca">
         <name>.debug_info</name>
         <load_address>0x2220</load_address>
         <run_address>0x2220</run_address>
         <size>0x127</size>
         <input_file_ref idref="fl-4b"/>
      </object_component>
      <object_component id="oc-cb">
         <name>.debug_info</name>
         <load_address>0x2347</load_address>
         <run_address>0x2347</run_address>
         <size>0x2c</size>
         <input_file_ref idref="fl-2"/>
      </object_component>
      <object_component id="oc-d0">
         <name>.debug_info</name>
         <load_address>0x2373</load_address>
         <run_address>0x2373</run_address>
         <size>0x2c</size>
         <input_file_ref idref="fl-31"/>
      </object_component>
      <object_component id="oc-df">
         <name>.debug_info</name>
         <load_address>0x239f</load_address>
         <run_address>0x239f</run_address>
         <size>0x39</size>
         <input_file_ref idref="fl-54"/>
      </object_component>
      <object_component id="oc-e9">
         <name>.debug_info</name>
         <load_address>0x23d8</load_address>
         <run_address>0x23d8</run_address>
         <size>0x11b</size>
         <input_file_ref idref="fl-38"/>
      </object_component>
      <object_component id="oc-f0">
         <name>.debug_info</name>
         <load_address>0x24f3</load_address>
         <run_address>0x24f3</run_address>
         <size>0x280</size>
         <input_file_ref idref="fl-4d"/>
      </object_component>
      <object_component id="oc-f6">
         <name>.debug_info</name>
         <load_address>0x2773</load_address>
         <run_address>0x2773</run_address>
         <size>0x126</size>
         <input_file_ref idref="fl-36"/>
      </object_component>
      <object_component id="oc-101">
         <name>.debug_info</name>
         <load_address>0x2899</load_address>
         <run_address>0x2899</run_address>
         <size>0xd5</size>
         <input_file_ref idref="fl-2"/>
      </object_component>
      <object_component id="oc-108">
         <name>.debug_info</name>
         <load_address>0x296e</load_address>
         <run_address>0x296e</run_address>
         <size>0x17d</size>
         <input_file_ref idref="fl-4f"/>
      </object_component>
      <object_component id="oc-117">
         <name>.debug_info</name>
         <load_address>0x2aeb</load_address>
         <run_address>0x2aeb</run_address>
         <size>0x1c5</size>
         <input_file_ref idref="fl-39"/>
      </object_component>
      <object_component id="oc-11d">
         <name>.debug_info</name>
         <load_address>0x2cb0</load_address>
         <run_address>0x2cb0</run_address>
         <size>0x185</size>
         <input_file_ref idref="fl-38"/>
      </object_component>
      <object_component id="oc-11f">
         <name>.debug_info</name>
         <load_address>0x2e35</load_address>
         <run_address>0x2e35</run_address>
         <size>0xd3</size>
         <input_file_ref idref="fl-53"/>
      </object_component>
      <object_component id="oc-125">
         <name>.debug_info</name>
         <load_address>0x2f08</load_address>
         <run_address>0x2f08</run_address>
         <size>0x381</size>
         <input_file_ref idref="fl-56"/>
      </object_component>
      <object_component id="oc-12b">
         <name>.debug_info</name>
         <load_address>0x3289</load_address>
         <run_address>0x3289</run_address>
         <size>0xd3</size>
         <input_file_ref idref="fl-47"/>
      </object_component>
      <object_component id="oc-12f">
         <name>.debug_info</name>
         <load_address>0x335c</load_address>
         <run_address>0x335c</run_address>
         <size>0x1c2</size>
         <input_file_ref idref="fl-4d"/>
      </object_component>
      <object_component id="oc-130">
         <name>.debug_info</name>
         <load_address>0x351e</load_address>
         <run_address>0x351e</run_address>
         <size>0x94</size>
         <input_file_ref idref="fl-37"/>
      </object_component>
      <object_component id="oc-136">
         <name>.debug_info</name>
         <load_address>0x35b2</load_address>
         <run_address>0x35b2</run_address>
         <size>0x1a9</size>
         <input_file_ref idref="fl-37"/>
      </object_component>
      <object_component id="oc-13c">
         <name>.debug_info</name>
         <load_address>0x375b</load_address>
         <run_address>0x375b</run_address>
         <size>0x185</size>
         <input_file_ref idref="fl-36"/>
      </object_component>
      <object_component id="oc-140">
         <name>.debug_info</name>
         <load_address>0x38e0</load_address>
         <run_address>0x38e0</run_address>
         <size>0x142</size>
         <input_file_ref idref="fl-4f"/>
      </object_component>
      <object_component id="oc-146">
         <name>.debug_info</name>
         <load_address>0x3a22</load_address>
         <run_address>0x3a22</run_address>
         <size>0x117</size>
         <input_file_ref idref="fl-4f"/>
      </object_component>
      <object_component id="oc-14c">
         <name>.debug_info</name>
         <load_address>0x3b39</load_address>
         <run_address>0x3b39</run_address>
         <size>0x25c</size>
         <input_file_ref idref="fl-51"/>
      </object_component>
      <object_component id="oc-152">
         <name>.debug_info</name>
         <load_address>0x3d95</load_address>
         <run_address>0x3d95</run_address>
         <size>0x1e2</size>
         <input_file_ref idref="fl-4f"/>
      </object_component>
      <object_component id="oc-154">
         <name>.debug_info</name>
         <load_address>0x3f77</load_address>
         <run_address>0x3f77</run_address>
         <size>0xd9</size>
         <input_file_ref idref="fl-48"/>
      </object_component>
      <object_component id="oc-15a">
         <name>.debug_info</name>
         <load_address>0x4050</load_address>
         <run_address>0x4050</run_address>
         <size>0xd9</size>
         <input_file_ref idref="fl-4a"/>
      </object_component>
      <object_component id="oc-15e">
         <name>.debug_info</name>
         <load_address>0x4129</load_address>
         <run_address>0x4129</run_address>
         <size>0x186</size>
         <input_file_ref idref="fl-39"/>
      </object_component>
      <object_component id="oc-165">
         <name>.debug_info</name>
         <load_address>0x42af</load_address>
         <run_address>0x42af</run_address>
         <size>0xd4</size>
         <input_file_ref idref="fl-5a"/>
      </object_component>
      <object_component id="oc-168">
         <name>.debug_info</name>
         <load_address>0x4383</load_address>
         <run_address>0x4383</run_address>
         <size>0xd9</size>
         <input_file_ref idref="fl-5c"/>
      </object_component>
      <object_component id="oc-16d">
         <name>.debug_info</name>
         <load_address>0x445c</load_address>
         <run_address>0x445c</run_address>
         <size>0x1a9</size>
         <input_file_ref idref="fl-56"/>
      </object_component>
      <object_component id="oc-172">
         <name>.debug_info</name>
         <load_address>0x4605</load_address>
         <run_address>0x4605</run_address>
         <size>0xd3</size>
         <input_file_ref idref="fl-49"/>
      </object_component>
      <object_component id="oc-178">
         <name>.debug_info</name>
         <load_address>0x46d8</load_address>
         <run_address>0x46d8</run_address>
         <size>0xd3</size>
         <input_file_ref idref="fl-4a"/>
      </object_component>
      <object_component id="oc-17c">
         <name>.debug_info</name>
         <load_address>0x47ab</load_address>
         <run_address>0x47ab</run_address>
         <size>0x186</size>
         <input_file_ref idref="fl-37"/>
      </object_component>
      <object_component id="oc-185">
         <name>.debug_info</name>
         <load_address>0x4931</load_address>
         <run_address>0x4931</run_address>
         <size>0x153</size>
         <input_file_ref idref="fl-5b"/>
      </object_component>
      <object_component id="oc-188">
         <name>.debug_info</name>
         <load_address>0x4a84</load_address>
         <run_address>0x4a84</run_address>
         <size>0x239</size>
         <input_file_ref idref="fl-51"/>
      </object_component>
      <object_component id="oc-18e">
         <name>.debug_info</name>
         <load_address>0x4cbd</load_address>
         <run_address>0x4cbd</run_address>
         <size>0x1dc</size>
         <input_file_ref idref="fl-51"/>
      </object_component>
      <object_component id="oc-194">
         <name>.debug_info</name>
         <load_address>0x4e99</load_address>
         <run_address>0x4e99</run_address>
         <size>0x30c</size>
         <input_file_ref idref="fl-51"/>
      </object_component>
      <object_component id="oc-195">
         <name>.debug_info</name>
         <load_address>0x51a5</load_address>
         <run_address>0x51a5</run_address>
         <size>0x2c</size>
         <input_file_ref idref="fl-2"/>
      </object_component>
      <object_component id="oc-19a">
         <name>.debug_info</name>
         <load_address>0x51d1</load_address>
         <run_address>0x51d1</run_address>
         <size>0x86</size>
         <input_file_ref idref="fl-51"/>
      </object_component>
      <object_component id="oc-1a1">
         <name>.debug_info</name>
         <load_address>0x5257</load_address>
         <run_address>0x5257</run_address>
         <size>0x2c</size>
         <input_file_ref idref="fl-4f"/>
      </object_component>
      <object_component id="oc-1b3">
         <name>.debug_info</name>
         <load_address>0x5283</load_address>
         <run_address>0x5283</run_address>
         <size>0x111</size>
         <input_file_ref idref="fl-5b"/>
      </object_component>
      <object_component id="oc-1b8">
         <name>.debug_info</name>
         <load_address>0x5394</load_address>
         <run_address>0x5394</run_address>
         <size>0x183</size>
         <input_file_ref idref="fl-58"/>
      </object_component>
      <object_component id="oc-1bd">
         <name>.debug_info</name>
         <load_address>0x5517</load_address>
         <run_address>0x5517</run_address>
         <size>0x1e4</size>
         <input_file_ref idref="fl-51"/>
      </object_component>
      <object_component id="oc-1c3">
         <name>.debug_info</name>
         <load_address>0x56fb</load_address>
         <run_address>0x56fb</run_address>
         <size>0x160</size>
         <input_file_ref idref="fl-57"/>
      </object_component>
      <object_component id="oc-1cb">
         <name>.debug_info</name>
         <load_address>0x585b</load_address>
         <run_address>0x585b</run_address>
         <size>0x39</size>
         <input_file_ref idref="fl-51"/>
      </object_component>
      <object_component id="oc-1d3">
         <name>.debug_info</name>
         <load_address>0x5894</load_address>
         <run_address>0x5894</run_address>
         <size>0x117</size>
         <input_file_ref idref="fl-58"/>
      </object_component>
      <object_component id="oc-1d6">
         <name>.debug_info</name>
         <load_address>0x59ab</load_address>
         <run_address>0x59ab</run_address>
         <size>0x15c</size>
         <input_file_ref idref="fl-51"/>
      </object_component>
      <object_component id="oc-1dc">
         <name>.debug_info</name>
         <load_address>0x5b07</load_address>
         <run_address>0x5b07</run_address>
         <size>0x1a1</size>
         <input_file_ref idref="fl-51"/>
      </object_component>
      <object_component id="oc-1e2">
         <name>.debug_info</name>
         <load_address>0x5ca8</load_address>
         <run_address>0x5ca8</run_address>
         <size>0x118</size>
         <input_file_ref idref="fl-57"/>
      </object_component>
      <object_component id="oc-1e8">
         <name>.debug_info</name>
         <load_address>0x5dc0</load_address>
         <run_address>0x5dc0</run_address>
         <size>0x168</size>
         <input_file_ref idref="fl-51"/>
      </object_component>
      <object_component id="oc-1ee">
         <name>.debug_info</name>
         <load_address>0x5f28</load_address>
         <run_address>0x5f28</run_address>
         <size>0xd4</size>
         <input_file_ref idref="fl-59"/>
      </object_component>
      <object_component id="oc-1f6">
         <name>.debug_info</name>
         <load_address>0x5ffc</load_address>
         <run_address>0x5ffc</run_address>
         <size>0xd4</size>
         <input_file_ref idref="fl-55"/>
      </object_component>
      <object_component id="oc-237">
         <name>.debug_info</name>
         <load_address>0x60d0</load_address>
         <run_address>0x60d0</run_address>
         <size>0xb9</size>
      </object_component>
      <object_component id="oc-3c">
         <name>.debug_pubnames</name>
         <load_address>0x0</load_address>
         <run_address>0x0</run_address>
         <size>0x26</size>
         <input_file_ref idref="fl-30"/>
      </object_component>
      <object_component id="oc-45">
         <name>.debug_pubnames</name>
         <load_address>0x26</load_address>
         <run_address>0x26</run_address>
         <size>0x2b</size>
         <input_file_ref idref="fl-31"/>
      </object_component>
      <object_component id="oc-49">
         <name>.debug_pubnames</name>
         <load_address>0x51</load_address>
         <run_address>0x51</run_address>
         <size>0x25</size>
         <input_file_ref idref="fl-33"/>
      </object_component>
      <object_component id="oc-51">
         <name>.debug_pubnames</name>
         <load_address>0x76</load_address>
         <run_address>0x76</run_address>
         <size>0x2c</size>
         <input_file_ref idref="fl-32"/>
      </object_component>
      <object_component id="oc-54">
         <name>.debug_pubnames</name>
         <load_address>0xa2</load_address>
         <run_address>0xa2</run_address>
         <size>0x1d</size>
         <input_file_ref idref="fl-30"/>
      </object_component>
      <object_component id="oc-58">
         <name>.debug_pubnames</name>
         <load_address>0xbf</load_address>
         <run_address>0xbf</run_address>
         <size>0x2b</size>
         <input_file_ref idref="fl-46"/>
      </object_component>
      <object_component id="oc-60">
         <name>.debug_pubnames</name>
         <load_address>0xea</load_address>
         <run_address>0xea</run_address>
         <size>0x27</size>
         <input_file_ref idref="fl-4e"/>
      </object_component>
      <object_component id="oc-66">
         <name>.debug_pubnames</name>
         <load_address>0x111</load_address>
         <run_address>0x111</run_address>
         <size>0x21</size>
         <input_file_ref idref="fl-54"/>
      </object_component>
      <object_component id="oc-69">
         <name>.debug_pubnames</name>
         <load_address>0x132</load_address>
         <run_address>0x132</run_address>
         <size>0x1b</size>
         <input_file_ref idref="fl-2"/>
      </object_component>
      <object_component id="oc-72">
         <name>.debug_pubnames</name>
         <load_address>0x14d</load_address>
         <run_address>0x14d</run_address>
         <size>0x1c</size>
         <input_file_ref idref="fl-35"/>
      </object_component>
      <object_component id="oc-77">
         <name>.debug_pubnames</name>
         <load_address>0x169</load_address>
         <run_address>0x169</run_address>
         <size>0x1d</size>
         <input_file_ref idref="fl-4b"/>
      </object_component>
      <object_component id="oc-8c">
         <name>.debug_pubnames</name>
         <load_address>0x186</load_address>
         <run_address>0x186</run_address>
         <size>0x2f</size>
         <input_file_ref idref="fl-32"/>
      </object_component>
      <object_component id="oc-a0">
         <name>.debug_pubnames</name>
         <load_address>0x1b5</load_address>
         <run_address>0x1b5</run_address>
         <size>0x2b</size>
         <input_file_ref idref="fl-34"/>
      </object_component>
      <object_component id="oc-a8">
         <name>.debug_pubnames</name>
         <load_address>0x1e0</load_address>
         <run_address>0x1e0</run_address>
         <size>0x1e</size>
         <input_file_ref idref="fl-2"/>
      </object_component>
      <object_component id="oc-af">
         <name>.debug_pubnames</name>
         <load_address>0x1fe</load_address>
         <run_address>0x1fe</run_address>
         <size>0x22</size>
         <input_file_ref idref="fl-2"/>
      </object_component>
      <object_component id="oc-b3">
         <name>.debug_pubnames</name>
         <load_address>0x220</load_address>
         <run_address>0x220</run_address>
         <size>0x23</size>
         <input_file_ref idref="fl-2"/>
      </object_component>
      <object_component id="oc-bb">
         <name>.debug_pubnames</name>
         <load_address>0x243</load_address>
         <run_address>0x243</run_address>
         <size>0x25</size>
         <input_file_ref idref="fl-2"/>
      </object_component>
      <object_component id="oc-c0">
         <name>.debug_pubnames</name>
         <load_address>0x268</load_address>
         <run_address>0x268</run_address>
         <size>0x4f</size>
         <input_file_ref idref="fl-2"/>
      </object_component>
      <object_component id="oc-c3">
         <name>.debug_pubnames</name>
         <load_address>0x2b7</load_address>
         <run_address>0x2b7</run_address>
         <size>0x22</size>
         <input_file_ref idref="fl-2"/>
      </object_component>
      <object_component id="oc-ea">
         <name>.debug_pubnames</name>
         <load_address>0x2d9</load_address>
         <run_address>0x2d9</run_address>
         <size>0x25</size>
         <input_file_ref idref="fl-38"/>
      </object_component>
      <object_component id="oc-f2">
         <name>.debug_pubnames</name>
         <load_address>0x2fe</load_address>
         <run_address>0x2fe</run_address>
         <size>0x24</size>
         <input_file_ref idref="fl-4d"/>
      </object_component>
      <object_component id="oc-f8">
         <name>.debug_pubnames</name>
         <load_address>0x322</load_address>
         <run_address>0x322</run_address>
         <size>0x25</size>
         <input_file_ref idref="fl-36"/>
      </object_component>
      <object_component id="oc-102">
         <name>.debug_pubnames</name>
         <load_address>0x347</load_address>
         <run_address>0x347</run_address>
         <size>0x18</size>
         <input_file_ref idref="fl-2"/>
      </object_component>
      <object_component id="oc-10a">
         <name>.debug_pubnames</name>
         <load_address>0x35f</load_address>
         <run_address>0x35f</run_address>
         <size>0x1e</size>
         <input_file_ref idref="fl-4f"/>
      </object_component>
      <object_component id="oc-118">
         <name>.debug_pubnames</name>
         <load_address>0x37d</load_address>
         <run_address>0x37d</run_address>
         <size>0x26</size>
         <input_file_ref idref="fl-39"/>
      </object_component>
      <object_component id="oc-121">
         <name>.debug_pubnames</name>
         <load_address>0x3a3</load_address>
         <run_address>0x3a3</run_address>
         <size>0x24</size>
         <input_file_ref idref="fl-53"/>
      </object_component>
      <object_component id="oc-126">
         <name>.debug_pubnames</name>
         <load_address>0x3c7</load_address>
         <run_address>0x3c7</run_address>
         <size>0x23</size>
         <input_file_ref idref="fl-56"/>
      </object_component>
      <object_component id="oc-12c">
         <name>.debug_pubnames</name>
         <load_address>0x3ea</load_address>
         <run_address>0x3ea</run_address>
         <size>0x24</size>
         <input_file_ref idref="fl-47"/>
      </object_component>
      <object_component id="oc-138">
         <name>.debug_pubnames</name>
         <load_address>0x40e</load_address>
         <run_address>0x40e</run_address>
         <size>0x26</size>
         <input_file_ref idref="fl-37"/>
      </object_component>
      <object_component id="oc-141">
         <name>.debug_pubnames</name>
         <load_address>0x434</load_address>
         <run_address>0x434</run_address>
         <size>0x1c</size>
         <input_file_ref idref="fl-4f"/>
      </object_component>
      <object_component id="oc-147">
         <name>.debug_pubnames</name>
         <load_address>0x450</load_address>
         <run_address>0x450</run_address>
         <size>0x1c</size>
         <input_file_ref idref="fl-4f"/>
      </object_component>
      <object_component id="oc-14d">
         <name>.debug_pubnames</name>
         <load_address>0x46c</load_address>
         <run_address>0x46c</run_address>
         <size>0x2b</size>
         <input_file_ref idref="fl-51"/>
      </object_component>
      <object_component id="oc-155">
         <name>.debug_pubnames</name>
         <load_address>0x497</load_address>
         <run_address>0x497</run_address>
         <size>0x27</size>
         <input_file_ref idref="fl-48"/>
      </object_component>
      <object_component id="oc-15b">
         <name>.debug_pubnames</name>
         <load_address>0x4be</load_address>
         <run_address>0x4be</run_address>
         <size>0x27</size>
         <input_file_ref idref="fl-4a"/>
      </object_component>
      <object_component id="oc-166">
         <name>.debug_pubnames</name>
         <load_address>0x4e5</load_address>
         <run_address>0x4e5</run_address>
         <size>0x24</size>
         <input_file_ref idref="fl-5a"/>
      </object_component>
      <object_component id="oc-169">
         <name>.debug_pubnames</name>
         <load_address>0x509</load_address>
         <run_address>0x509</run_address>
         <size>0x27</size>
         <input_file_ref idref="fl-5c"/>
      </object_component>
      <object_component id="oc-174">
         <name>.debug_pubnames</name>
         <load_address>0x530</load_address>
         <run_address>0x530</run_address>
         <size>0x24</size>
         <input_file_ref idref="fl-49"/>
      </object_component>
      <object_component id="oc-179">
         <name>.debug_pubnames</name>
         <load_address>0x554</load_address>
         <run_address>0x554</run_address>
         <size>0x24</size>
         <input_file_ref idref="fl-4a"/>
      </object_component>
      <object_component id="oc-186">
         <name>.debug_pubnames</name>
         <load_address>0x578</load_address>
         <run_address>0x578</run_address>
         <size>0x1d</size>
         <input_file_ref idref="fl-5b"/>
      </object_component>
      <object_component id="oc-18a">
         <name>.debug_pubnames</name>
         <load_address>0x595</load_address>
         <run_address>0x595</run_address>
         <size>0x20</size>
         <input_file_ref idref="fl-51"/>
      </object_component>
      <object_component id="oc-18f">
         <name>.debug_pubnames</name>
         <load_address>0x5b5</load_address>
         <run_address>0x5b5</run_address>
         <size>0x21</size>
         <input_file_ref idref="fl-51"/>
      </object_component>
      <object_component id="oc-1b9">
         <name>.debug_pubnames</name>
         <load_address>0x5d6</load_address>
         <run_address>0x5d6</run_address>
         <size>0x1d</size>
         <input_file_ref idref="fl-58"/>
      </object_component>
      <object_component id="oc-1bf">
         <name>.debug_pubnames</name>
         <load_address>0x5f3</load_address>
         <run_address>0x5f3</run_address>
         <size>0x24</size>
         <input_file_ref idref="fl-51"/>
      </object_component>
      <object_component id="oc-1c4">
         <name>.debug_pubnames</name>
         <load_address>0x617</load_address>
         <run_address>0x617</run_address>
         <size>0x1e</size>
         <input_file_ref idref="fl-57"/>
      </object_component>
      <object_component id="oc-1d7">
         <name>.debug_pubnames</name>
         <load_address>0x635</load_address>
         <run_address>0x635</run_address>
         <size>0x25</size>
         <input_file_ref idref="fl-51"/>
      </object_component>
      <object_component id="oc-1de">
         <name>.debug_pubnames</name>
         <load_address>0x65a</load_address>
         <run_address>0x65a</run_address>
         <size>0x1e</size>
         <input_file_ref idref="fl-51"/>
      </object_component>
      <object_component id="oc-1e9">
         <name>.debug_pubnames</name>
         <load_address>0x678</load_address>
         <run_address>0x678</run_address>
         <size>0x1b</size>
         <input_file_ref idref="fl-51"/>
      </object_component>
      <object_component id="oc-1ef">
         <name>.debug_pubnames</name>
         <load_address>0x693</load_address>
         <run_address>0x693</run_address>
         <size>0x24</size>
         <input_file_ref idref="fl-59"/>
      </object_component>
      <object_component id="oc-1f8">
         <name>.debug_pubnames</name>
         <load_address>0x6b7</load_address>
         <run_address>0x6b7</run_address>
         <size>0x24</size>
         <input_file_ref idref="fl-55"/>
      </object_component>
      <object_component id="oc-3d">
         <name>.debug_aranges</name>
         <load_address>0x0</load_address>
         <run_address>0x0</run_address>
         <size>0x20</size>
         <input_file_ref idref="fl-30"/>
      </object_component>
      <object_component id="oc-41">
         <name>.debug_aranges</name>
         <load_address>0x20</load_address>
         <run_address>0x20</run_address>
         <size>0x20</size>
         <input_file_ref idref="fl-31"/>
      </object_component>
      <object_component id="oc-4a">
         <name>.debug_aranges</name>
         <load_address>0x40</load_address>
         <run_address>0x40</run_address>
         <size>0x20</size>
         <input_file_ref idref="fl-33"/>
      </object_component>
      <object_component id="oc-4d">
         <name>.debug_aranges</name>
         <load_address>0x60</load_address>
         <run_address>0x60</run_address>
         <size>0x20</size>
         <input_file_ref idref="fl-32"/>
      </object_component>
      <object_component id="oc-59">
         <name>.debug_aranges</name>
         <load_address>0x80</load_address>
         <run_address>0x80</run_address>
         <size>0x20</size>
         <input_file_ref idref="fl-46"/>
      </object_component>
      <object_component id="oc-5e">
         <name>.debug_aranges</name>
         <load_address>0xa0</load_address>
         <run_address>0xa0</run_address>
         <size>0x20</size>
         <input_file_ref idref="fl-4e"/>
      </object_component>
      <object_component id="oc-62">
         <name>.debug_aranges</name>
         <load_address>0xc0</load_address>
         <run_address>0xc0</run_address>
         <size>0x20</size>
         <input_file_ref idref="fl-54"/>
      </object_component>
      <object_component id="oc-6a">
         <name>.debug_aranges</name>
         <load_address>0xe0</load_address>
         <run_address>0xe0</run_address>
         <size>0x20</size>
         <input_file_ref idref="fl-2"/>
      </object_component>
      <object_component id="oc-70">
         <name>.debug_aranges</name>
         <load_address>0x100</load_address>
         <run_address>0x100</run_address>
         <size>0x20</size>
         <input_file_ref idref="fl-35"/>
      </object_component>
      <object_component id="oc-76">
         <name>.debug_aranges</name>
         <load_address>0x120</load_address>
         <run_address>0x120</run_address>
         <size>0x20</size>
         <input_file_ref idref="fl-4b"/>
      </object_component>
      <object_component id="oc-89">
         <name>.debug_aranges</name>
         <load_address>0x140</load_address>
         <run_address>0x140</run_address>
         <size>0x20</size>
         <input_file_ref idref="fl-32"/>
      </object_component>
      <object_component id="oc-a1">
         <name>.debug_aranges</name>
         <load_address>0x160</load_address>
         <run_address>0x160</run_address>
         <size>0x20</size>
         <input_file_ref idref="fl-34"/>
      </object_component>
      <object_component id="oc-a7">
         <name>.debug_aranges</name>
         <load_address>0x180</load_address>
         <run_address>0x180</run_address>
         <size>0x20</size>
         <input_file_ref idref="fl-2"/>
      </object_component>
      <object_component id="oc-ae">
         <name>.debug_aranges</name>
         <load_address>0x1a0</load_address>
         <run_address>0x1a0</run_address>
         <size>0x20</size>
         <input_file_ref idref="fl-2"/>
      </object_component>
      <object_component id="oc-b4">
         <name>.debug_aranges</name>
         <load_address>0x1c0</load_address>
         <run_address>0x1c0</run_address>
         <size>0x20</size>
         <input_file_ref idref="fl-2"/>
      </object_component>
      <object_component id="oc-ba">
         <name>.debug_aranges</name>
         <load_address>0x1e0</load_address>
         <run_address>0x1e0</run_address>
         <size>0x20</size>
         <input_file_ref idref="fl-2"/>
      </object_component>
      <object_component id="oc-c4">
         <name>.debug_aranges</name>
         <load_address>0x200</load_address>
         <run_address>0x200</run_address>
         <size>0x20</size>
         <input_file_ref idref="fl-2"/>
      </object_component>
      <object_component id="oc-eb">
         <name>.debug_aranges</name>
         <load_address>0x220</load_address>
         <run_address>0x220</run_address>
         <size>0x20</size>
         <input_file_ref idref="fl-38"/>
      </object_component>
      <object_component id="oc-f1">
         <name>.debug_aranges</name>
         <load_address>0x240</load_address>
         <run_address>0x240</run_address>
         <size>0x28</size>
         <input_file_ref idref="fl-4d"/>
      </object_component>
      <object_component id="oc-f7">
         <name>.debug_aranges</name>
         <load_address>0x268</load_address>
         <run_address>0x268</run_address>
         <size>0x20</size>
         <input_file_ref idref="fl-36"/>
      </object_component>
      <object_component id="oc-109">
         <name>.debug_aranges</name>
         <load_address>0x288</load_address>
         <run_address>0x288</run_address>
         <size>0x20</size>
         <input_file_ref idref="fl-4f"/>
      </object_component>
      <object_component id="oc-119">
         <name>.debug_aranges</name>
         <load_address>0x2a8</load_address>
         <run_address>0x2a8</run_address>
         <size>0x20</size>
         <input_file_ref idref="fl-39"/>
      </object_component>
      <object_component id="oc-120">
         <name>.debug_aranges</name>
         <load_address>0x2c8</load_address>
         <run_address>0x2c8</run_address>
         <size>0x20</size>
         <input_file_ref idref="fl-53"/>
      </object_component>
      <object_component id="oc-124">
         <name>.debug_aranges</name>
         <load_address>0x2e8</load_address>
         <run_address>0x2e8</run_address>
         <size>0x30</size>
         <input_file_ref idref="fl-56"/>
      </object_component>
      <object_component id="oc-12d">
         <name>.debug_aranges</name>
         <load_address>0x318</load_address>
         <run_address>0x318</run_address>
         <size>0x20</size>
         <input_file_ref idref="fl-47"/>
      </object_component>
      <object_component id="oc-137">
         <name>.debug_aranges</name>
         <load_address>0x338</load_address>
         <run_address>0x338</run_address>
         <size>0x20</size>
         <input_file_ref idref="fl-37"/>
      </object_component>
      <object_component id="oc-142">
         <name>.debug_aranges</name>
         <load_address>0x358</load_address>
         <run_address>0x358</run_address>
         <size>0x20</size>
         <input_file_ref idref="fl-4f"/>
      </object_component>
      <object_component id="oc-148">
         <name>.debug_aranges</name>
         <load_address>0x378</load_address>
         <run_address>0x378</run_address>
         <size>0x20</size>
         <input_file_ref idref="fl-4f"/>
      </object_component>
      <object_component id="oc-14e">
         <name>.debug_aranges</name>
         <load_address>0x398</load_address>
         <run_address>0x398</run_address>
         <size>0x20</size>
         <input_file_ref idref="fl-51"/>
      </object_component>
      <object_component id="oc-156">
         <name>.debug_aranges</name>
         <load_address>0x3b8</load_address>
         <run_address>0x3b8</run_address>
         <size>0x20</size>
         <input_file_ref idref="fl-48"/>
      </object_component>
      <object_component id="oc-159">
         <name>.debug_aranges</name>
         <load_address>0x3d8</load_address>
         <run_address>0x3d8</run_address>
         <size>0x20</size>
         <input_file_ref idref="fl-4a"/>
      </object_component>
      <object_component id="oc-164">
         <name>.debug_aranges</name>
         <load_address>0x3f8</load_address>
         <run_address>0x3f8</run_address>
         <size>0x20</size>
         <input_file_ref idref="fl-5a"/>
      </object_component>
      <object_component id="oc-16a">
         <name>.debug_aranges</name>
         <load_address>0x418</load_address>
         <run_address>0x418</run_address>
         <size>0x20</size>
         <input_file_ref idref="fl-5c"/>
      </object_component>
      <object_component id="oc-173">
         <name>.debug_aranges</name>
         <load_address>0x438</load_address>
         <run_address>0x438</run_address>
         <size>0x20</size>
         <input_file_ref idref="fl-49"/>
      </object_component>
      <object_component id="oc-177">
         <name>.debug_aranges</name>
         <load_address>0x458</load_address>
         <run_address>0x458</run_address>
         <size>0x20</size>
         <input_file_ref idref="fl-4a"/>
      </object_component>
      <object_component id="oc-184">
         <name>.debug_aranges</name>
         <load_address>0x478</load_address>
         <run_address>0x478</run_address>
         <size>0x20</size>
         <input_file_ref idref="fl-5b"/>
      </object_component>
      <object_component id="oc-189">
         <name>.debug_aranges</name>
         <load_address>0x498</load_address>
         <run_address>0x498</run_address>
         <size>0x20</size>
         <input_file_ref idref="fl-51"/>
      </object_component>
      <object_component id="oc-190">
         <name>.debug_aranges</name>
         <load_address>0x4b8</load_address>
         <run_address>0x4b8</run_address>
         <size>0x20</size>
         <input_file_ref idref="fl-51"/>
      </object_component>
      <object_component id="oc-1b6">
         <name>.debug_aranges</name>
         <load_address>0x4d8</load_address>
         <run_address>0x4d8</run_address>
         <size>0x20</size>
         <input_file_ref idref="fl-58"/>
      </object_component>
      <object_component id="oc-1be">
         <name>.debug_aranges</name>
         <load_address>0x4f8</load_address>
         <run_address>0x4f8</run_address>
         <size>0x20</size>
         <input_file_ref idref="fl-51"/>
      </object_component>
      <object_component id="oc-1c2">
         <name>.debug_aranges</name>
         <load_address>0x518</load_address>
         <run_address>0x518</run_address>
         <size>0x20</size>
         <input_file_ref idref="fl-57"/>
      </object_component>
      <object_component id="oc-1d8">
         <name>.debug_aranges</name>
         <load_address>0x538</load_address>
         <run_address>0x538</run_address>
         <size>0x20</size>
         <input_file_ref idref="fl-51"/>
      </object_component>
      <object_component id="oc-1dd">
         <name>.debug_aranges</name>
         <load_address>0x558</load_address>
         <run_address>0x558</run_address>
         <size>0x20</size>
         <input_file_ref idref="fl-51"/>
      </object_component>
      <object_component id="oc-1ea">
         <name>.debug_aranges</name>
         <load_address>0x578</load_address>
         <run_address>0x578</run_address>
         <size>0x20</size>
         <input_file_ref idref="fl-51"/>
      </object_component>
      <object_component id="oc-1ed">
         <name>.debug_aranges</name>
         <load_address>0x598</load_address>
         <run_address>0x598</run_address>
         <size>0x20</size>
         <input_file_ref idref="fl-59"/>
      </object_component>
      <object_component id="oc-1f7">
         <name>.debug_aranges</name>
         <load_address>0x5b8</load_address>
         <run_address>0x5b8</run_address>
         <size>0x20</size>
         <input_file_ref idref="fl-55"/>
      </object_component>
      <object_component id="oc-3e">
         <name>.debug_line</name>
         <load_address>0x0</load_address>
         <run_address>0x0</run_address>
         <size>0x44</size>
         <input_file_ref idref="fl-30"/>
      </object_component>
      <object_component id="oc-42">
         <name>.debug_line</name>
         <load_address>0x44</load_address>
         <run_address>0x44</run_address>
         <size>0x50</size>
         <input_file_ref idref="fl-31"/>
      </object_component>
      <object_component id="oc-4b">
         <name>.debug_line</name>
         <load_address>0x94</load_address>
         <run_address>0x94</run_address>
         <size>0x4d</size>
         <input_file_ref idref="fl-33"/>
      </object_component>
      <object_component id="oc-4f">
         <name>.debug_line</name>
         <load_address>0xe1</load_address>
         <run_address>0xe1</run_address>
         <size>0x49</size>
         <input_file_ref idref="fl-32"/>
      </object_component>
      <object_component id="oc-5a">
         <name>.debug_line</name>
         <load_address>0x12a</load_address>
         <run_address>0x12a</run_address>
         <size>0x3c</size>
         <input_file_ref idref="fl-46"/>
      </object_component>
      <object_component id="oc-5c">
         <name>.debug_line</name>
         <load_address>0x166</load_address>
         <run_address>0x166</run_address>
         <size>0x3e</size>
         <input_file_ref idref="fl-4e"/>
      </object_component>
      <object_component id="oc-63">
         <name>.debug_line</name>
         <load_address>0x1a4</load_address>
         <run_address>0x1a4</run_address>
         <size>0x6b</size>
         <input_file_ref idref="fl-54"/>
      </object_component>
      <object_component id="oc-6b">
         <name>.debug_line</name>
         <load_address>0x20f</load_address>
         <run_address>0x20f</run_address>
         <size>0x49</size>
         <input_file_ref idref="fl-2"/>
      </object_component>
      <object_component id="oc-6e">
         <name>.debug_line</name>
         <load_address>0x258</load_address>
         <run_address>0x258</run_address>
         <size>0x3a</size>
         <input_file_ref idref="fl-35"/>
      </object_component>
      <object_component id="oc-79">
         <name>.debug_line</name>
         <load_address>0x292</load_address>
         <run_address>0x292</run_address>
         <size>0x45</size>
         <input_file_ref idref="fl-4b"/>
      </object_component>
      <object_component id="oc-7e">
         <name>.debug_line</name>
         <load_address>0x2d7</load_address>
         <run_address>0x2d7</run_address>
         <size>0x3a</size>
         <input_file_ref idref="fl-31"/>
      </object_component>
      <object_component id="oc-85">
         <name>.debug_line</name>
         <load_address>0x311</load_address>
         <run_address>0x311</run_address>
         <size>0x34</size>
         <input_file_ref idref="fl-33"/>
      </object_component>
      <object_component id="oc-8a">
         <name>.debug_line</name>
         <load_address>0x345</load_address>
         <run_address>0x345</run_address>
         <size>0x81</size>
         <input_file_ref idref="fl-32"/>
      </object_component>
      <object_component id="oc-93">
         <name>.debug_line</name>
         <load_address>0x3c6</load_address>
         <run_address>0x3c6</run_address>
         <size>0x39</size>
         <input_file_ref idref="fl-32"/>
      </object_component>
      <object_component id="oc-96">
         <name>.debug_line</name>
         <load_address>0x3ff</load_address>
         <run_address>0x3ff</run_address>
         <size>0x2a</size>
         <input_file_ref idref="fl-30"/>
      </object_component>
      <object_component id="oc-9a">
         <name>.debug_line</name>
         <load_address>0x429</load_address>
         <run_address>0x429</run_address>
         <size>0x20</size>
         <input_file_ref idref="fl-2"/>
      </object_component>
      <object_component id="oc-a2">
         <name>.debug_line</name>
         <load_address>0x449</load_address>
         <run_address>0x449</run_address>
         <size>0x40</size>
         <input_file_ref idref="fl-34"/>
      </object_component>
      <object_component id="oc-a9">
         <name>.debug_line</name>
         <load_address>0x489</load_address>
         <run_address>0x489</run_address>
         <size>0x4d</size>
         <input_file_ref idref="fl-2"/>
      </object_component>
      <object_component id="oc-ac">
         <name>.debug_line</name>
         <load_address>0x4d6</load_address>
         <run_address>0x4d6</run_address>
         <size>0x54</size>
         <input_file_ref idref="fl-2"/>
      </object_component>
      <object_component id="oc-b5">
         <name>.debug_line</name>
         <load_address>0x52a</load_address>
         <run_address>0x52a</run_address>
         <size>0x4f</size>
         <input_file_ref idref="fl-2"/>
      </object_component>
      <object_component id="oc-bc">
         <name>.debug_line</name>
         <load_address>0x579</load_address>
         <run_address>0x579</run_address>
         <size>0x54</size>
         <input_file_ref idref="fl-2"/>
      </object_component>
      <object_component id="oc-c5">
         <name>.debug_line</name>
         <load_address>0x5cd</load_address>
         <run_address>0x5cd</run_address>
         <size>0x5e</size>
         <input_file_ref idref="fl-2"/>
      </object_component>
      <object_component id="oc-ce">
         <name>.debug_line</name>
         <load_address>0x62b</load_address>
         <run_address>0x62b</run_address>
         <size>0x5c</size>
         <input_file_ref idref="fl-2"/>
      </object_component>
      <object_component id="oc-d3">
         <name>.debug_line</name>
         <load_address>0x687</load_address>
         <run_address>0x687</run_address>
         <size>0x44</size>
         <input_file_ref idref="fl-31"/>
      </object_component>
      <object_component id="oc-d6">
         <name>.debug_line</name>
         <load_address>0x6cb</load_address>
         <run_address>0x6cb</run_address>
         <size>0x44</size>
         <input_file_ref idref="fl-31"/>
      </object_component>
      <object_component id="oc-d8">
         <name>.debug_line</name>
         <load_address>0x70f</load_address>
         <run_address>0x70f</run_address>
         <size>0x20</size>
         <input_file_ref idref="fl-33"/>
      </object_component>
      <object_component id="oc-db">
         <name>.debug_line</name>
         <load_address>0x72f</load_address>
         <run_address>0x72f</run_address>
         <size>0x20</size>
         <input_file_ref idref="fl-32"/>
      </object_component>
      <object_component id="oc-de">
         <name>.debug_line</name>
         <load_address>0x74f</load_address>
         <run_address>0x74f</run_address>
         <size>0x2e</size>
         <input_file_ref idref="fl-54"/>
      </object_component>
      <object_component id="oc-e2">
         <name>.debug_line</name>
         <load_address>0x77d</load_address>
         <run_address>0x77d</run_address>
         <size>0x2e</size>
         <input_file_ref idref="fl-54"/>
      </object_component>
      <object_component id="oc-ec">
         <name>.debug_line</name>
         <load_address>0x7ab</load_address>
         <run_address>0x7ab</run_address>
         <size>0x3d</size>
         <input_file_ref idref="fl-38"/>
      </object_component>
      <object_component id="oc-f3">
         <name>.debug_line</name>
         <load_address>0x7e8</load_address>
         <run_address>0x7e8</run_address>
         <size>0x103</size>
         <input_file_ref idref="fl-4d"/>
      </object_component>
      <object_component id="oc-f9">
         <name>.debug_line</name>
[...]
         <object_component_ref idref="oc-e8"/>
      </symbol>
      <symbol id="sm-1ae">
         <name>__mspabi_fltlid</name>
         <value>0xc742</value>
         <object_component_ref idref="oc-116"/>
      </symbol>
      <symbol id="sm-1b1">
         <name>__TI_int02</name>
         <value>0xffe4</value>
         <object_component_ref idref="oc-2e"/>
      </symbol>
      <symbol id="sm-1b4">
         <name>__TI_int03</name>
         <value>0xffe6</value>
         <object_component_ref idref="oc-2f"/>
      </symbol>
      <symbol id="sm-1b7">
         <name>__TI_int05</name>
         <value>0xffea</value>
         <object_component_ref idref="oc-30"/>
      </symbol>
      <symbol id="sm-1ba">
         <name>__TI_int06</name>
         <value>0xffec</value>
         <object_component_ref idref="oc-31"/>
      </symbol>
      <symbol id="sm-1bd">
         <name>__TI_int07</name>
         <value>0xffee</value>
         <object_component_ref idref="oc-32"/>
      </symbol>
      <symbol id="sm-1c0">
         <name>__TI_int08</name>
         <value>0xfff0</value>
         <object_component_ref idref="oc-33"/>
      </symbol>
      <symbol id="sm-1c3">
         <name>__TI_int09</name>
         <value>0xfff2</value>
         <object_component_ref idref="oc-34"/>
      </symbol>
      <symbol id="sm-1c6">
         <name>__TI_int10</name>
         <value>0xfff4</value>
         <object_component_ref idref="oc-35"/>
      </symbol>
      <symbol id="sm-1c9">
         <name>__TI_int11</name>
         <value>0xfff6</value>
         <object_component_ref idref="oc-36"/>
      </symbol>
      <symbol id="sm-1cc">
         <name>__TI_int12</name>
         <value>0xfff8</value>
         <object_component_ref idref="oc-37"/>
      </symbol>
      <symbol id="sm-1cf">
         <name>__TI_int13</name>
         <value>0xfffa</value>
         <object_component_ref idref="oc-38"/>
      </symbol>
      <symbol id="sm-1d2">
         <name>__TI_int14</name>
         <value>0xfffc</value>
         <object_component_ref idref="oc-39"/>
      </symbol>
      <symbol id="sm-1da">
         <name>__TI_ISR_TRAP</name>
         <value>0xceb0</value>
         <object_component_ref idref="oc-56"/>
      </symbol>
      <symbol id="sm-1e2">
         <name>__mspabi_slli</name>
         <value>0xccaa</value>
         <object_component_ref idref="oc-129"/>
      </symbol>
      <symbol id="sm-1e3">
         <name>__mspabi_slli_9</name>
         <value>0xccc2</value>
         <object_component_ref idref="oc-129"/>
      </symbol>
      <symbol id="sm-1e4">
         <name>__mspabi_slli_8</name>
         <value>0xccc4</value>
         <object_component_ref idref="oc-129"/>
      </symbol>
      <symbol id="sm-1e5">
         <name>__mspabi_slli_7</name>
         <value>0xccc6</value>
         <object_component_ref idref="oc-129"/>
      </symbol>
      <symbol id="sm-1e6">
         <name>__mspabi_slli_6</name>
         <value>0xccc8</value>
         <object_component_ref idref="oc-129"/>
      </symbol>
      <symbol id="sm-1e7">
         <name>__mspabi_slli_5</name>
         <value>0xccca</value>
         <object_component_ref idref="oc-129"/>
      </symbol>
      <symbol id="sm-1e8">
         <name>__mspabi_slli_4</name>
         <value>0xcccc</value>
         <object_component_ref idref="oc-129"/>
      </symbol>
      <symbol id="sm-1e9">
         <name>__mspabi_slli_3</name>
         <value>0xccce</value>
         <object_component_ref idref="oc-129"/>
      </symbol>
      <symbol id="sm-1ea">
         <name>__mspabi_slli_2</name>
         <value>0xccd0</value>
         <object_component_ref idref="oc-129"/>
      </symbol>
      <symbol id="sm-1eb">
         <name>__mspabi_slli_1</name>
         <value>0xccd2</value>
         <object_component_ref idref="oc-129"/>
      </symbol>
      <symbol id="sm-1ec">
         <name>__mspabi_slli_15</name>
         <value>0xccb6</value>
         <object_component_ref idref="oc-129"/>
      </symbol>
      <symbol id="sm-1ed">
         <name>__mspabi_slli_14</name>
         <value>0xccb8</value>
         <object_component_ref idref="oc-129"/>
      </symbol>
      <symbol id="sm-1ee">
         <name>__mspabi_slli_13</name>
         <value>0xccba</value>
         <object_component_ref idref="oc-129"/>
      </symbol>
      <symbol id="sm-1ef">
         <name>__mspabi_slli_12</name>
         <value>0xccbc</value>
         <object_component_ref idref="oc-129"/>
      </symbol>
      <symbol id="sm-1f0">
         <name>__mspabi_slli_11</name>
         <value>0xccbe</value>
         <object_component_ref idref="oc-129"/>
      </symbol>
      <symbol id="sm-1f1">
         <name>__mspabi_slli_10</name>
         <value>0xccc0</value>
         <object_component_ref idref="oc-129"/>
      </symbol>
      <symbol id="sm-1f9">
         <name>__mspabi_slll_9</name>
         <value>0xcbc4</value>
         <object_component_ref idref="oc-153"/>
      </symbol>
      <symbol id="sm-1fa">
         <name>__mspabi_slll_8</name>
         <value>0xcbc8</value>
         <object_component_ref idref="oc-153"/>
      </symbol>
      <symbol id="sm-1fb">
         <name>__mspabi_slll_7</name>
         <value>0xcbcc</value>
         <object_component_ref idref="oc-153"/>
      </symbol>
      <symbol id="sm-1fc">
         <name>__mspabi_slll_6</name>
         <value>0xcbd0</value>
         <object_component_ref idref="oc-153"/>
      </symbol>
      <symbol id="sm-1fd">
         <name>__mspabi_slll_5</name>
         <value>0xcbd4</value>
         <object_component_ref idref="oc-153"/>
      </symbol>
      <symbol id="sm-1fe">
         <name>__mspabi_slll_4</name>
         <value>0xcbd8</value>
         <object_component_ref idref="oc-153"/>
      </symbol>
      <symbol id="sm-1ff">
         <name>__mspabi_slll_3</name>
         <value>0xcbdc</value>
         <object_component_ref idref="oc-153"/>
      </symbol>
      <symbol id="sm-200">
         <name>__mspabi_slll_2</name>
         <value>0xcbe0</value>
         <object_component_ref idref="oc-153"/>
      </symbol>
      <symbol id="sm-201">
         <name>__mspabi_slll_1</name>
         <value>0xcbe4</value>
         <object_component_ref idref="oc-153"/>
      </symbol>
      <symbol id="sm-202">
         <name>__mspabi_slll_15</name>
         <value>0xcbac</value>
         <object_component_ref idref="oc-153"/>
      </symbol>
      <symbol id="sm-203">
         <name>__mspabi_slll_14</name>
         <value>0xcbb0</value>
         <object_component_ref idref="oc-153"/>
      </symbol>
      <symbol id="sm-204">
         <name>__mspabi_slll_13</name>
         <value>0xcbb4</value>
         <object_component_ref idref="oc-153"/>
      </symbol>
      <symbol id="sm-205">
         <name>__mspabi_slll_12</name>
         <value>0xcbb8</value>
         <object_component_ref idref="oc-153"/>
      </symbol>
      <symbol id="sm-206">
         <name>__mspabi_slll_11</name>
         <value>0xcbbc</value>
         <object_component_ref idref="oc-153"/>
      </symbol>
      <symbol id="sm-207">
         <name>__mspabi_slll_10</name>
         <value>0xcbc0</value>
         <object_component_ref idref="oc-153"/>
      </symbol>
      <symbol id="sm-20f">
         <name>__mspabi_srli_8</name>
         <value>0xcac4</value>
         <object_component_ref idref="oc-171"/>
      </symbol>
      <symbol id="sm-210">
         <name>__mspabi_srli_9</name>
         <value>0xcac0</value>
         <object_component_ref idref="oc-171"/>
      </symbol>
      <symbol id="sm-211">
         <name>__mspabi_srli_6</name>
         <value>0xcacc</value>
         <object_component_ref idref="oc-171"/>
      </symbol>
      <symbol id="sm-212">
         <name>__mspabi_srli_7</name>
         <value>0xcac8</value>
         <object_component_ref idref="oc-171"/>
      </symbol>
      <symbol id="sm-213">
         <name>__mspabi_srli_4</name>
         <value>0xcad4</value>
         <object_component_ref idref="oc-171"/>
      </symbol>
      <symbol id="sm-214">
         <name>__mspabi_srli_5</name>
         <value>0xcad0</value>
         <object_component_ref idref="oc-171"/>
      </symbol>
      <symbol id="sm-215">
         <name>__mspabi_srli_2</name>
         <value>0xcadc</value>
         <object_component_ref idref="oc-171"/>
      </symbol>
      <symbol id="sm-216">
         <name>__mspabi_srli_3</name>
         <value>0xcad8</value>
         <object_component_ref idref="oc-171"/>
      </symbol>
      <symbol id="sm-217">
         <name>__mspabi_srli_1</name>
         <value>0xcae0</value>
         <object_component_ref idref="oc-171"/>
      </symbol>
      <symbol id="sm-218">
         <name>__mspabi_srli</name>
         <value>0xca9a</value>
         <object_component_ref idref="oc-171"/>
      </symbol>
      <symbol id="sm-219">
         <name>__mspabi_srli_15</name>
         <value>0xcaa8</value>
         <object_component_ref idref="oc-171"/>
      </symbol>
      <symbol id="sm-21a">
         <name>__mspabi_srli_14</name>
         <value>0xcaac</value>
         <object_component_ref idref="oc-171"/>
      </symbol>
      <symbol id="sm-21b">
         <name>__mspabi_srli_13</name>
         <value>0xcab0</value>
         <object_component_ref idref="oc-171"/>
      </symbol>
      <symbol id="sm-21c">
         <name>__mspabi_srli_12</name>
         <value>0xcab4</value>
         <object_component_ref idref="oc-171"/>
      </symbol>
      <symbol id="sm-21d">
         <name>__mspabi_srli_11</name>
         <value>0xcab8</value>
         <object_component_ref idref="oc-171"/>
      </symbol>
      <symbol id="sm-21e">
         <name>__mspabi_srli_10</name>
         <value>0xcabc</value>
         <object_component_ref idref="oc-171"/>
      </symbol>
      <symbol id="sm-22e">
         <name>__mspabi_srll_8</name>
         <value>0xc9c4</value>
         <object_component_ref idref="oc-158"/>
      </symbol>
      <symbol id="sm-22f">
         <name>__mspabi_srll_9</name>
         <value>0xc9be</value>
         <object_component_ref idref="oc-158"/>
      </symbol>
      <symbol id="sm-230">
         <name>__mspabi_srll_6</name>
         <value>0xc9d0</value>
         <object_component_ref idref="oc-158"/>
      </symbol>
      <symbol id="sm-231">
         <name>__mspabi_srll_7</name>
         <value>0xc9ca</value>
         <object_component_ref idref="oc-158"/>
      </symbol>
      <symbol id="sm-232">
         <name>__mspabi_srll_4</name>
         <value>0xc9dc</value>
         <object_component_ref idref="oc-158"/>
      </symbol>
      <symbol id="sm-233">
         <name>__mspabi_srll_5</name>
         <value>0xc9d6</value>
         <object_component_ref idref="oc-158"/>
      </symbol>
      <symbol id="sm-234">
         <name>__mspabi_srll_2</name>
         <value>0xc9e8</value>
         <object_component_ref idref="oc-158"/>
      </symbol>
      <symbol id="sm-235">
         <name>__mspabi_srll_3</name>
         <value>0xc9e2</value>
         <object_component_ref idref="oc-158"/>
      </symbol>
      <symbol id="sm-236">
         <name>__mspabi_srll_1</name>
         <value>0xc9ee</value>
         <object_component_ref idref="oc-158"/>
      </symbol>
      <symbol id="sm-237">
         <name>__mspabi_srll_15</name>
         <value>0xc99a</value>
         <object_component_ref idref="oc-158"/>
      </symbol>
      <symbol id="sm-238">
         <name>__mspabi_srll_14</name>
         <value>0xc9a0</value>
         <object_component_ref idref="oc-158"/>
      </symbol>
      <symbol id="sm-239">
         <name>__mspabi_srll_13</name>
         <value>0xc9a6</value>
         <object_component_ref idref="oc-158"/>
      </symbol>
      <symbol id="sm-23a">
         <name>__mspabi_srll_12</name>
         <value>0xc9ac</value>
         <object_component_ref idref="oc-158"/>
      </symbol>
      <symbol id="sm-23b">
         <name>__mspabi_srll_11</name>
         <value>0xc9b2</value>
         <object_component_ref idref="oc-158"/>
      </symbol>
      <symbol id="sm-23c">
         <name>__mspabi_srll_10</name>
         <value>0xc9b8</value>
         <object_component_ref idref="oc-158"/>
      </symbol>
      <symbol id="sm-23d">
         <name>__mspabi_srll</name>
         <value>0xce62</value>
         <object_component_ref idref="oc-176"/>
      </symbol>
      <symbol id="sm-24b">
         <name>memcpy</name>
         <value>0xce74</value>
         <object_component_ref idref="oc-74"/>
      </symbol>
      <symbol id="sm-26e">
         <name>__mspabi_mpyd</name>
         <value>0xc2f4</value>
         <object_component_ref idref="oc-ee"/>
      </symbol>
      <symbol id="sm-277">
         <name>_system_pre_init</name>
         <value>0xcebc</value>
         <object_component_ref idref="oc-5b"/>
      </symbol>
      <symbol id="sm-298">
         <name>sprintf</name>
         <value>0xcbea</value>
         <object_component_ref idref="oc-107"/>
      </symbol>
      <symbol id="sm-300">
         <name>__TI_printfi_minimal</name>
         <value>0xc678</value>
         <object_component_ref idref="oc-14b"/>
      </symbol>
      <symbol id="sm-309">
         <name>__mspabi_srai</name>
         <value>0xcc7e</value>
         <object_component_ref idref="oc-11e"/>
      </symbol>
      <symbol id="sm-30a">
         <name>__mspabi_srai_8</name>
         <value>0xcc98</value>
         <object_component_ref idref="oc-11e"/>
      </symbol>
      <symbol id="sm-30b">
         <name>__mspabi_srai_9</name>
         <value>0xcc96</value>
         <object_component_ref idref="oc-11e"/>
      </symbol>
      <symbol id="sm-30c">
         <name>__mspabi_srai_6</name>
         <value>0xcc9c</value>
         <object_component_ref idref="oc-11e"/>
      </symbol>
      <symbol id="sm-30d">
         <name>__mspabi_srai_7</name>
         <value>0xcc9a</value>
         <object_component_ref idref="oc-11e"/>
      </symbol>
      <symbol id="sm-30e">
         <name>__mspabi_srai_4</name>
         <value>0xcca0</value>
         <object_component_ref idref="oc-11e"/>
      </symbol>
      <symbol id="sm-30f">
         <name>__mspabi_srai_5</name>
         <value>0xcc9e</value>
         <object_component_ref idref="oc-11e"/>
      </symbol>
      <symbol id="sm-310">
         <name>__mspabi_srai_2</name>
         <value>0xcca4</value>
         <object_component_ref idref="oc-11e"/>
      </symbol>
      <symbol id="sm-311">
         <name>__mspabi_srai_3</name>
         <value>0xcca2</value>
         <object_component_ref idref="oc-11e"/>
      </symbol>
      <symbol id="sm-312">
         <name>__mspabi_srai_1</name>
         <value>0xcca6</value>
         <object_component_ref idref="oc-11e"/>
      </symbol>
      <symbol id="sm-313">
         <name>__mspabi_srai_15</name>
         <value>0xcc8a</value>
         <object_component_ref idref="oc-11e"/>
      </symbol>
      <symbol id="sm-314">
         <name>__mspabi_srai_14</name>
         <value>0xcc8c</value>
         <object_component_ref idref="oc-11e"/>
      </symbol>
      <symbol id="sm-315">
         <name>__mspabi_srai_13</name>
         <value>0xcc8e</value>
         <object_component_ref idref="oc-11e"/>
      </symbol>
      <symbol id="sm-316">
         <name>__mspabi_srai_12</name>
         <value>0xcc90</value>
         <object_component_ref idref="oc-11e"/>
      </symbol>
      <symbol id="sm-317">
         <name>__mspabi_srai_11</name>
         <value>0xcc92</value>
         <object_component_ref idref="oc-11e"/>
      </symbol>
      <symbol id="sm-318">
         <name>__mspabi_srai_10</name>
         <value>0xcc94</value>
         <object_component_ref idref="oc-11e"/>
      </symbol>
      <symbol id="sm-32e">
         <name>_auto_init</name>
         <value>0xc93c</value>
         <object_component_ref idref="oc-61"/>
      </symbol>
      <symbol id="sm-338">
         <name>__mspabi_remu</name>
         <value>0xcdec</value>
         <object_component_ref idref="oc-1f4"/>
      </symbol>
      <symbol id="sm-339">
         <name>__mspabi_divu</name>
         <value>0xcdec</value>
         <object_component_ref idref="oc-1f4"/>
      </symbol>
      <symbol id="sm-34a">
         <name>__TI_frcmpyd</name>
         <value>0xc000</value>
         <object_component_ref idref="oc-123"/>
      </symbol>
      <symbol id="sm-359">
         <name>memccpy</name>
         <value>0xcd6a</value>
         <object_component_ref idref="oc-1c1"/>
      </symbol>
      <symbol id="sm-367">
         <name>memset</name>
         <value>0xce16</value>
         <object_component_ref idref="oc-1b4"/>
      </symbol>
      <symbol id="sm-371">
         <name>__mspabi_mpyi</name>
         <value>0xce2a</value>
         <object_component_ref idref="oc-1ec"/>
      </symbol>
      <symbol id="sm-37b">
         <name>__mspabi_mpyl</name>
         <value>0xcd24</value>
         <object_component_ref idref="oc-162"/>
      </symbol>
      <symbol id="sm-388">
         <name>strlen</name>
         <value>0xce96</value>
         <object_component_ref idref="oc-181"/>
      </symbol>
      <symbol id="sm-390">
         <name>__mspabi_sral_15</name>
         <value>0xcb6e</value>
         <object_component_ref idref="oc-167"/>
      </symbol>
      <symbol id="sm-391">
         <name>__mspabi_sral_14</name>
         <value>0xcb72</value>
         <object_component_ref idref="oc-167"/>
      </symbol>
      <symbol id="sm-392">
         <name>__mspabi_sral_13</name>
         <value>0xcb76</value>
         <object_component_ref idref="oc-167"/>
      </symbol>
      <symbol id="sm-393">
         <name>__mspabi_sral_12</name>
         <value>0xcb7a</value>
         <object_component_ref idref="oc-167"/>
      </symbol>
      <symbol id="sm-394">
         <name>__mspabi_sral_11</name>
         <value>0xcb7e</value>
         <object_component_ref idref="oc-167"/>
      </symbol>
      <symbol id="sm-395">
         <name>__mspabi_sral_10</name>
         <value>0xcb82</value>
         <object_component_ref idref="oc-167"/>
      </symbol>
      <symbol id="sm-396">
         <name>__mspabi_sral_8</name>
         <value>0xcb8a</value>
         <object_component_ref idref="oc-167"/>
      </symbol>
      <symbol id="sm-397">
         <name>__mspabi_sral_9</name>
         <value>0xcb86</value>
         <object_component_ref idref="oc-167"/>
      </symbol>
      <symbol id="sm-398">
         <name>__mspabi_sral_6</name>
         <value>0xcb92</value>
         <object_component_ref idref="oc-167"/>
      </symbol>
      <symbol id="sm-399">
         <name>__mspabi_sral_7</name>
         <value>0xcb8e</value>
         <object_component_ref idref="oc-167"/>
      </symbol>
      <symbol id="sm-39a">
         <name>__mspabi_sral_4</name>
         <value>0xcb9a</value>
         <object_component_ref idref="oc-167"/>
      </symbol>
      <symbol id="sm-39b">
         <name>__mspabi_sral_5</name>
         <value>0xcb96</value>
         <object_component_ref idref="oc-167"/>
      </symbol>
      <symbol id="sm-39c">
         <name>__mspabi_sral_2</name>
         <value>0xcba2</value>
         <object_component_ref idref="oc-167"/>
      </symbol>
      <symbol id="sm-39d">
         <name>__mspabi_sral_3</name>
         <value>0xcb9e</value>
         <object_component_ref idref="oc-167"/>
      </symbol>
      <symbol id="sm-39e">
         <name>__mspabi_sral_1</name>
         <value>0xcba6</value>
         <object_component_ref idref="oc-167"/>
      </symbol>
      <symbol id="sm-39f">
         <name>__TI_exit</name>
         <value>0x1</value>
      </symbol>
      <symbol id="sm-3a0">
         <name>__TI_args_main</name>
         <value>0x1</value>
      </symbol>
      <symbol id="sm-3a1">
         <name>__TI_INITARRAY_Base</name>
         <value>0x0</value>
      </symbol>
      <symbol id="sm-3a2">
         <name>__TI_INITARRAY_Limit</name>
         <value>0x0</value>
      </symbol>
   </symbol_table>
   <title>Link successful</title>
</link_info>
